Archive member included to satisfy reference by file (symbol)

c:/nxp/s32ds.3.5/s32ds/build_tools/gcc_v10.2/gcc-10.2-arm32-eabi/bin/../lib/gcc/arm-none-eabi/10.2.0/../../../../arm-none-eabi/lib/thumb/v7e-m+fp/hard\libc_nano.a(lib_a-memcmp.o)
                              build/objects/hse_cmac_demo.o (memcmp)
c:/nxp/s32ds.3.5/s32ds/build_tools/gcc_v10.2/gcc-10.2-arm32-eabi/bin/../lib/gcc/arm-none-eabi/10.2.0/../../../../arm-none-eabi/lib/thumb/v7e-m+fp/hard\libc_nano.a(lib_a-memcpy-stub.o)
                              build/objects/hse_cmac_demo.o (memcpy)
c:/nxp/s32ds.3.5/s32ds/build_tools/gcc_v10.2/gcc-10.2-arm32-eabi/bin/../lib/gcc/arm-none-eabi/10.2.0/../../../../arm-none-eabi/lib/thumb/v7e-m+fp/hard\libc_nano.a(lib_a-memmove.o)
                              build/objects/Siul2_Port_Ip.o (memmove)
c:/nxp/s32ds.3.5/s32ds/build_tools/gcc_v10.2/gcc-10.2-arm32-eabi/bin/../lib/gcc/arm-none-eabi/10.2.0/../../../../arm-none-eabi/lib/thumb/v7e-m+fp/hard\libc_nano.a(lib_a-memset.o)
                              build/objects/boot.o (memset)
c:/nxp/s32ds.3.5/s32ds/build_tools/gcc_v10.2/gcc-10.2-arm32-eabi/bin/../lib/gcc/arm-none-eabi/10.2.0/../../../../arm-none-eabi/lib/thumb/v7e-m+fp/hard\libc_nano.a(lib_a-snprintf.o)
                              build/objects/test_crc.o (snprintf)
c:/nxp/s32ds.3.5/s32ds/build_tools/gcc_v10.2/gcc-10.2-arm32-eabi/bin/../lib/gcc/arm-none-eabi/10.2.0/../../../../arm-none-eabi/lib/thumb/v7e-m+fp/hard\libc_nano.a(lib_a-strcpy.o)
                              build/objects/boot.o (strcpy)
c:/nxp/s32ds.3.5/s32ds/build_tools/gcc_v10.2/gcc-10.2-arm32-eabi/bin/../lib/gcc/arm-none-eabi/10.2.0/../../../../arm-none-eabi/lib/thumb/v7e-m+fp/hard\libc_nano.a(lib_a-strlen.o)
                              build/objects/osal_log.o (strlen)
c:/nxp/s32ds.3.5/s32ds/build_tools/gcc_v10.2/gcc-10.2-arm32-eabi/bin/../lib/gcc/arm-none-eabi/10.2.0/../../../../arm-none-eabi/lib/thumb/v7e-m+fp/hard\libc_nano.a(lib_a-strncpy.o)
                              build/objects/boot.o (strncpy)
c:/nxp/s32ds.3.5/s32ds/build_tools/gcc_v10.2/gcc-10.2-arm32-eabi/bin/../lib/gcc/arm-none-eabi/10.2.0/../../../../arm-none-eabi/lib/thumb/v7e-m+fp/hard\libc_nano.a(lib_a-vsnprintf.o)
                              build/objects/hse_cmac_demo.o (vsnprintf)
c:/nxp/s32ds.3.5/s32ds/build_tools/gcc_v10.2/gcc-10.2-arm32-eabi/bin/../lib/gcc/arm-none-eabi/10.2.0/../../../../arm-none-eabi/lib/thumb/v7e-m+fp/hard\libc_nano.a(lib_a-impure.o)
                              c:/nxp/s32ds.3.5/s32ds/build_tools/gcc_v10.2/gcc-10.2-arm32-eabi/bin/../lib/gcc/arm-none-eabi/10.2.0/../../../../arm-none-eabi/lib/thumb/v7e-m+fp/hard\libc_nano.a(lib_a-snprintf.o) (_impure_ptr)
c:/nxp/s32ds.3.5/s32ds/build_tools/gcc_v10.2/gcc-10.2-arm32-eabi/bin/../lib/gcc/arm-none-eabi/10.2.0/../../../../arm-none-eabi/lib/thumb/v7e-m+fp/hard\libc_nano.a(lib_a-nano-svfprintf.o)
                              c:/nxp/s32ds.3.5/s32ds/build_tools/gcc_v10.2/gcc-10.2-arm32-eabi/bin/../lib/gcc/arm-none-eabi/10.2.0/../../../../arm-none-eabi/lib/thumb/v7e-m+fp/hard\libc_nano.a(lib_a-snprintf.o) (_svfprintf_r)
c:/nxp/s32ds.3.5/s32ds/build_tools/gcc_v10.2/gcc-10.2-arm32-eabi/bin/../lib/gcc/arm-none-eabi/10.2.0/../../../../arm-none-eabi/lib/thumb/v7e-m+fp/hard\libc_nano.a(lib_a-nano-vfprintf_i.o)
                              c:/nxp/s32ds.3.5/s32ds/build_tools/gcc_v10.2/gcc-10.2-arm32-eabi/bin/../lib/gcc/arm-none-eabi/10.2.0/../../../../arm-none-eabi/lib/thumb/v7e-m+fp/hard\libc_nano.a(lib_a-nano-svfprintf.o) (_printf_i)
c:/nxp/s32ds.3.5/s32ds/build_tools/gcc_v10.2/gcc-10.2-arm32-eabi/bin/../lib/gcc/arm-none-eabi/10.2.0/../../../../arm-none-eabi/lib/thumb/v7e-m+fp/hard\libc_nano.a(lib_a-memchr.o)
                              c:/nxp/s32ds.3.5/s32ds/build_tools/gcc_v10.2/gcc-10.2-arm32-eabi/bin/../lib/gcc/arm-none-eabi/10.2.0/../../../../arm-none-eabi/lib/thumb/v7e-m+fp/hard\libc_nano.a(lib_a-nano-svfprintf.o) (memchr)
c:/nxp/s32ds.3.5/s32ds/build_tools/gcc_v10.2/gcc-10.2-arm32-eabi/bin/../lib/gcc/arm-none-eabi/10.2.0/../../../../arm-none-eabi/lib/thumb/v7e-m+fp/hard\libc_nano.a(lib_a-nano-freer.o)
                              c:/nxp/s32ds.3.5/s32ds/build_tools/gcc_v10.2/gcc-10.2-arm32-eabi/bin/../lib/gcc/arm-none-eabi/10.2.0/../../../../arm-none-eabi/lib/thumb/v7e-m+fp/hard\libc_nano.a(lib_a-nano-svfprintf.o) (_free_r)
c:/nxp/s32ds.3.5/s32ds/build_tools/gcc_v10.2/gcc-10.2-arm32-eabi/bin/../lib/gcc/arm-none-eabi/10.2.0/../../../../arm-none-eabi/lib/thumb/v7e-m+fp/hard\libc_nano.a(lib_a-nano-mallocr.o)
                              c:/nxp/s32ds.3.5/s32ds/build_tools/gcc_v10.2/gcc-10.2-arm32-eabi/bin/../lib/gcc/arm-none-eabi/10.2.0/../../../../arm-none-eabi/lib/thumb/v7e-m+fp/hard\libc_nano.a(lib_a-nano-svfprintf.o) (_malloc_r)
c:/nxp/s32ds.3.5/s32ds/build_tools/gcc_v10.2/gcc-10.2-arm32-eabi/bin/../lib/gcc/arm-none-eabi/10.2.0/../../../../arm-none-eabi/lib/thumb/v7e-m+fp/hard\libc_nano.a(lib_a-nano-reallocr.o)
[...]
Memory Configuration

Name             Origin             Length             Attributes
int_pflash       0x00400000         0x00040000
int_flash_app_0  0x00440000         0x00194000
int_dflash       0x10000000         0x00020000
int_itcm         0x00000000         0x00008000
int_dtcm         0x20000000         0x0000f000
int_stack_dtcm   0x2000f000         0x00001000
int_sram         0x20400000         0x00007f00
int_sram_fls_rsv 0x20407f00         0x00000100
int_sram_no_cacheable 0x20408000         0x00007f00
int_sram_results 0x2040ff00         0x00000100
int_sram_shareable 0x20410000         0x00008000
ram_rsvd2        0x20418000         0x00000000
*default*        0x00000000         0xffffffff

Linker script and memory map

LOAD build/objects/hal_uart.o
LOAD build/objects/main.o
LOAD build/objects/osal_log.o
LOAD build/objects/hal_crc.o
LOAD build/objects/leds_ctrl.o
LOAD build/objects/test_crc.o
LOAD build/objects/osal_utils.o
LOAD build/objects/boot.o
LOAD build/objects/hal_timer.o
LOAD build/objects/test_flash.o
LOAD build/objects/hal_flash.o
LOAD build/objects/hse_cmac_demo.o
LOAD build/objects/hse_fw_image.o
LOAD build/objects/C40_Ip.o
LOAD build/objects/Crc_Ip_Software.o
LOAD build/objects/Clock_Ip_Data.o
LOAD build/objects/Clock_Ip_Specific.o
LOAD build/objects/FlexCAN_Ip_HwAccess.o
LOAD build/objects/IntCtrl_Ip.o
LOAD build/objects/Clock_Ip_ExtOsc.o
LOAD build/objects/Clock_Ip.o
LOAD build/objects/SchM_Crypto_43_HSE.o
LOAD build/objects/SchM_Uart.o
LOAD build/objects/Dma_Ip_Multicore.o
LOAD build/objects/Clock_Ip_Irq.o
LOAD build/objects/Crc_Ip_Hardware.o
LOAD build/objects/Det_stub.o
LOAD build/objects/Det.o
LOAD build/objects/Lpuart_Uart_Ip.o
LOAD build/objects/Clock_Ip_Frequency.o
LOAD build/objects/OsIf_Timer_System_Internal_Systick.o
LOAD build/objects/Cache_Ip.o
LOAD build/objects/Lpuart_Uart_Ip_Irq.o
LOAD build/objects/OsIf_Timer.o
LOAD build/objects/Clock_Ip_Gate.o
LOAD build/objects/SchM_Mcu.o
LOAD build/objects/Dma_Ip_Driver_State.o
LOAD build/objects/Crc_Ip.o
LOAD build/objects/Hse_Ip.o
LOAD build/objects/SchM_Port.o
LOAD build/objects/Pit_Ip.o
LOAD build/objects/Mu_Ip_Irq.o
LOAD build/objects/OsIf_Timer_System.o
LOAD build/objects/C40_Ip_Ac.o
LOAD build/objects/SchM_Gpt.o
LOAD build/objects/Clock_Ip_FracDiv.o
LOAD build/objects/Clock_Ip_DividerTrigger.o
LOAD build/objects/Clock_Ip_IntOsc.o
LOAD build/objects/Crc_Ip_Lookup_Tables.o
LOAD build/objects/SchM_Mcl.o
LOAD build/objects/Clock_Ip_Selector.o
LOAD build/objects/SchM_Dio.o
LOAD build/objects/Siul2_Dio_Ip.o
LOAD build/objects/Cache_Ip_HwAcc_ArmCoreMx.o
LOAD build/objects/OsIf_Interrupts.o
LOAD build/objects/Clock_Ip_Monitor.o
LOAD build/objects/FlexCAN_Ip.o
LOAD build/objects/Osif_Software_Semaphore.o
LOAD build/objects/Tspc_Port_Ip.o
LOAD build/objects/Clock_Ip_Divider.o
LOAD build/objects/FlexCAN_Ip_Irq.o
LOAD build/objects/Siul2_Port_Ip.o
LOAD build/objects/Clock_Ip_ProgFreqSwitch.o
LOAD build/objects/Clock_Ip_Pll.o
LOAD build/objects/Dma_Ip_Hw_Access.o
LOAD build/objects/Dma_Ip.o
LOAD build/objects/SchM_Mem_43_INFLS.o
LOAD build/objects/Dma_Ip_Irq.o
LOAD build/objects/SchM_Can_43_FLEXCAN.o
LOAD build/objects/Tspc_Port_Ip_Cfg.o
LOAD build/objects/Siul2_Port_Ip_Cfg.o
LOAD build/objects/Pit_Ip_PBcfg.o
LOAD build/objects/Lpuart_Uart_Ip_Sa_PBcfg.o
LOAD build/objects/C40_Ip_Cfg.o
LOAD build/objects/OsIf_Cfg.o
LOAD build/objects/Clock_Ip_Cfg.o
LOAD build/objects/IntCtrl_Ip_Cfg.o
LOAD build/objects/Dma_Ip_Cfg.o
LOAD build/objects/Dma_Ip_PBcfg.o
LOAD build/objects/FlexCAN_Ip_Sa_PBcfg.o
LOAD build/objects/Crc_Ip_Cfg.o
LOAD build/objects/Hse_Ip_Cfg.o
LOAD build/objects/startup.o
LOAD build/objects/nvic.o
LOAD build/objects/exceptions.o
LOAD build/objects/system.o
LOAD build/objects/startup_cm7.o
LOAD build/objects/Vector_Table.o
LOAD c:/nxp/s32ds.3.5/s32ds/build_tools/gcc_v10.2/gcc-10.2-arm32-eabi/bin/../lib/gcc/arm-none-eabi/10.2.0/../../../../arm-none-eabi/lib/thumb/v7e-m+fp/hard\libc_nano.a
LOAD c:/nxp/s32ds.3.5/s32ds/build_tools/gcc_v10.2/gcc-10.2-arm32-eabi/bin/../lib/gcc/arm-none-eabi/10.2.0/../../../../arm-none-eabi/lib/thumb/v7e-m+fp/hard\libm.a
LOAD c:/nxp/s32ds.3.5/s32ds/build_tools/gcc_v10.2/gcc-10.2-arm32-eabi/bin/../lib/gcc/arm-none-eabi/10.2.0/thumb/v7e-m+fp/hard\libgcc.a
LOAD lib/libmbedcrypto.a
START GROUP
LOAD c:/nxp/s32ds.3.5/s32ds/build_tools/gcc_v10.2/gcc-10.2-arm32-eabi/bin/../lib/gcc/arm-none-eabi/10.2.0/thumb/v7e-m+fp/hard\libgcc.a
LOAD c:/nxp/s32ds.3.5/s32ds/build_tools/gcc_v10.2/gcc-10.2-arm32-eabi/bin/../lib/gcc/arm-none-eabi/10.2.0/../../../../arm-none-eabi/lib/thumb/v7e-m+fp/hard\libg_nano.a
LOAD c:/nxp/s32ds.3.5/s32ds/build_tools/gcc_v10.2/gcc-10.2-arm32-eabi/bin/../lib/gcc/arm-none-eabi/10.2.0/../../../../arm-none-eabi/lib/thumb/v7e-m+fp/hard\libc_nano.a
END GROUP
START GROUP
LOAD c:/nxp/s32ds.3.5/s32ds/build_tools/gcc_v10.2/gcc-10.2-arm32-eabi/bin/../lib/gcc/arm-none-eabi/10.2.0/thumb/v7e-m+fp/hard\libgcc.a
LOAD c:/nxp/s32ds.3.5/s32ds/build_tools/gcc_v10.2/gcc-10.2-arm32-eabi/bin/../lib/gcc/arm-none-eabi/10.2.0/../../../../arm-none-eabi/lib/thumb/v7e-m+fp/hard\libc_nano.a
LOAD c:/nxp/s32ds.3.5/s32ds/build_tools/gcc_v10.2/gcc-10.2-arm32-eabi/bin/../lib/gcc/arm-none-eabi/10.2.0/../../../../arm-none-eabi/lib/thumb/v7e-m+fp/hard\libnosys.a
END GROUP
START GROUP
LOAD c:/nxp/s32ds.3.5/s32ds/build_tools/gcc_v10.2/gcc-10.2-arm32-eabi/bin/../lib/gcc/arm-none-eabi/10.2.0/thumb/v7e-m+fp/hard\libgcc.a
LOAD c:/nxp/s32ds.3.5/s32ds/build_tools/gcc_v10.2/gcc-10.2-arm32-eabi/bin/../lib/gcc/arm-none-eabi/10.2.0/../../../../arm-none-eabi/lib/thumb/v7e-m+fp/hard\libc_nano.a
LOAD c:/nxp/s32ds.3.5/s32ds/build_tools/gcc_v10.2/gcc-10.2-arm32-eabi/bin/../lib/gcc/arm-none-eabi/10.2.0/../../../../arm-none-eabi/lib/thumb/v7e-m+fp/hard\libnosys.a
END GROUP
                0x00000200                HEAP_SIZE = DEFINED (__heap_size__)?__heap_size__:0x200
                0x20407fff                __STANDBY_RAM_LIMIT_END = 0x20407fff

.pflash         0x00400000    0x38810
 *(.boot_header)
 .boot_header   0x00400000       0x30 build/objects/startup_cm7.o
                0x00402000                . = ALIGN (0x2000)
 *fill*         0x00400030     0x1fd0 
                0x00402000                __text_start = .
                0x00402000                __interrupts_init_start = .
 *(.intc_vector)
 .intc_vector   0x00402000      0x408 build/objects/Vector_Table.o
                0x00402000                VTABLE
                0x00402408                . = ALIGN (0x4)
                0x00402408                __interrupts_init_end = .
 *(.core_loop)
 .core_loop     0x00402408        0xc build/objects/startup_cm7.o
                0x00402408                _core_loop
                0x00402414                . = ALIGN (0x4)
 *(.startup)
 *fill*         0x00402414        0xc 
 .startup       0x00402420      0x1d8 build/objects/startup_cm7.o
                0x00402420                Reset_Handler
                0x00402420                _start
                0x00402580                MCAL_LTB_TRACE_OFF
                0x00402582                _end_of_eunit_test
                0x004025f8                . = ALIGN (0x4)
 *(.systeminit)
                0x004025f8                . = ALIGN (0x4)
 *(.text.startup)
 .text.startup  0x004025f8       0x1a build/objects/main.o
                0x004025f8                main
                0x00402614                . = ALIGN (0x4)
 *fill*         0x00402612        0x2 
 *(.text)
 .text          0x00402614      0x228 build/objects/hal_uart.o
                0x00402614                hal_uart_init
                0x00402640                hal_uart_deinit
                0x00402668                hal_uart_transmit
                0x004026a0                hal_uart_transmit_it
                0x004026f8                hal_uart_receive
                0x004027a8                hal_uart_receive_it
                0x004027e8                hal_uart_tx_cplt_callback
                0x004027ea                hal_uart_rx_cplt_callback
                0x004027ec                lpuart6_irq_handler
 .text          0x0040283c       0x9c build/objects/main.o
                0x0040283c                CAN_ISR_Callback
                0x00402850                board_level_init
 .text          0x004028d8       0x24 build/objects/osal_log.o
                0x004028d8                osal_log_info
 .text          0x004028fc       0xd4 build/objects/hal_crc.o
                0x004028fc                hal_crc_init
                0x0040293c                hal_crc_deinit
                0x00402954                hal_crc16_compute
                0x00402980                hal_crc32_compute
 .text          0x004029d0      0x22c build/objects/leds_ctrl.o
                0x004029d0                leds_ctrl_set_brightness
                0x00402a98                leds_ctrl_boot_led_blink
                0x00402b44                leds_ctrl_boot_led_blink_failure
                0x00402ba0                leds_ctrl_boot_led_blink_critical_failure
 .text          0x00402bfc      0x194 build/objects/test_crc.o
                0x00402bfc                test_crc
 .text          0x00402d90       0x88 build/objects/osal_utils.o
                0x00402d90                osal_utils_uint8_array_to_hex
                0x00402dec                osal_utils_delay_us
                0x00402dfe                osal_utils_delay_ms
 .text          0x00402e18      0x3ec build/objects/boot.o
                0x00402e18                boot_app
                0x00402e64                boot_read_version
                0x00402e9c                boot_read_app_name
                0x00402ed4                boot_read_device_id
                0x00402f00                boot_print_board_info
 .text          0x00403204       0x9c build/objects/hal_timer.o
                0x00403204                hal_timer_init
                0x00403244                hal_timer_1ms_period
                0x00403268                lptmr_isr
                0x0040326c                hal_timer_is_1ms_tick_timeout
                0x00403280                hal_timer_is_100ms_tick_timeout
                0x00403298                hal_timer_get_timer_tick_cnt
                0x0040329c                hal_timer_free
 .text          0x004032a0      0x2b8 build/objects/test_flash.o
                0x00403380                test_flash
 .text          0x00403558      0x1a0 build/objects/hal_flash.o
                0x004035a4                hal_flash_init
                0x004035c4                hal_flash_free
                0x004035d0                hal_flash_erase_sector
                0x0040363c                hal_flash_write
                0x004036bc                hal_flash_read
 .text          0x004036f8      0x544 build/objects/hse_cmac_demo.o
                0x004038cc                hse_cmac_demo_run
 .text          0x00403c3c        0x0 build/objects/hse_fw_image.o
 .text          0x00403c3c        0x0 build/objects/C40_Ip.o
 .text          0x00403c3c        0x0 build/objects/Crc_Ip_Software.o
 .text          0x00403c3c        0x0 build/objects/Clock_Ip_Data.o
 .text          0x00403c3c        0x0 build/objects/Clock_Ip_Specific.o
 .text          0x00403c3c       0x14 build/objects/FlexCAN_Ip_HwAccess.o
 .text          0x00403c50       0x14 build/objects/IntCtrl_Ip.o
 .text          0x00403c64        0x0 build/objects/Clock_Ip_ExtOsc.o
 .text          0x00403c64        0x0 build/objects/Clock_Ip.o
 .text          0x00403c64        0x6 build/objects/SchM_Crypto_43_HSE.o
                0x00403c64                Crypto_43_HSE_schm_read_msr
 .text          0x00403c6a        0x6 build/objects/SchM_Uart.o
                0x00403c6a                Uart_schm_read_msr
 .text          0x00403c70        0x0 build/objects/Dma_Ip_Multicore.o
 .text          0x00403c70        0x0 build/objects/Clock_Ip_Irq.o
 .text          0x00403c70       0x14 build/objects/Crc_Ip_Hardware.o
 .text          0x00403c84        0x0 build/objects/Det_stub.o
 .text          0x00403c84        0x0 build/objects/Det.o
 .text          0x00403c84       0x14 build/objects/Lpuart_Uart_Ip.o
 .text          0x00403c98        0x0 build/objects/Clock_Ip_Frequency.o
 .text          0x00403c98        0x0 build/objects/OsIf_Timer_System_Internal_Systick.o
 .text          0x00403c98        0x0 build/objects/Cache_Ip.o
 .text          0x00403c98        0x0 build/objects/Lpuart_Uart_Ip_Irq.o
 .text          0x00403c98        0x0 build/objects/OsIf_Timer.o
 .text          0x00403c98        0x0 build/objects/Clock_Ip_Gate.o
 .text          0x00403c98        0x6 build/objects/SchM_Mcu.o
                0x00403c98                Mcu_schm_read_msr
 .text          0x00403c9e        0x0 build/objects/Dma_Ip_Driver_State.o
 .text          0x00403c9e        0x0 build/objects/Crc_Ip.o
 .text          0x00403c9e        0x0 build/objects/Hse_Ip.o
 .text          0x00403c9e        0x6 build/objects/SchM_Port.o
                0x00403c9e                Port_schm_read_msr
 .text          0x00403ca4        0x0 build/objects/Pit_Ip.o
 .text          0x00403ca4        0x0 build/objects/Mu_Ip_Irq.o
 .text          0x00403ca4        0x0 build/objects/OsIf_Timer_System.o
 .text          0x00403ca4        0x0 build/objects/C40_Ip_Ac.o
 .text          0x00403ca4        0x6 build/objects/SchM_Gpt.o
                0x00403ca4                Gpt_schm_read_msr
 .text          0x00403caa        0x0 build/objects/Clock_Ip_FracDiv.o
 .text          0x00403caa        0x0 build/objects/Clock_Ip_DividerTrigger.o
 .text          0x00403caa        0x0 build/objects/Clock_Ip_IntOsc.o
 .text          0x00403caa        0x0 build/objects/Crc_Ip_Lookup_Tables.o
 .text          0x00403caa        0x6 build/objects/SchM_Mcl.o
                0x00403caa                Mcl_schm_read_msr
 .text          0x00403cb0        0x0 build/objects/Clock_Ip_Selector.o
 .text          0x00403cb0        0x6 build/objects/SchM_Dio.o
                0x00403cb0                Dio_schm_read_msr
 .text          0x00403cb6       0x14 build/objects/Siul2_Dio_Ip.o
 .text          0x00403cca        0x0 build/objects/Cache_Ip_HwAcc_ArmCoreMx.o
 .text          0x00403cca        0x0 build/objects/OsIf_Interrupts.o
 .text          0x00403cca        0x0 build/objects/Clock_Ip_Monitor.o
 .text          0x00403cca       0x14 build/objects/FlexCAN_Ip.o
 .text          0x00403cde        0x0 build/objects/Osif_Software_Semaphore.o
 .text          0x00403cde        0x0 build/objects/Tspc_Port_Ip.o
 .text          0x00403cde        0x0 build/objects/Clock_Ip_Divider.o
 .text          0x00403cde        0x0 build/objects/FlexCAN_Ip_Irq.o
 .text          0x00403cde       0x14 build/objects/Siul2_Port_Ip.o
 .text          0x00403cf2        0x0 build/objects/Clock_Ip_ProgFreqSwitch.o
 .text          0x00403cf2        0x0 build/objects/Clock_Ip_Pll.o
 .text          0x00403cf2        0x0 build/objects/Dma_Ip_Hw_Access.o
 .text          0x00403cf2        0x0 build/objects/Dma_Ip.o
 .text          0x00403cf2        0x6 build/objects/SchM_Mem_43_INFLS.o
                0x00403cf2                Mem_43_INFLS_schm_read_msr
 .text          0x00403cf8        0x0 build/objects/Dma_Ip_Irq.o
 .text          0x00403cf8        0x6 build/objects/SchM_Can_43_FLEXCAN.o
                0x00403cf8                Can_43_FLEXCAN_schm_read_msr
 .text          0x00403cfe        0x0 build/objects/Tspc_Port_Ip_Cfg.o
 .text          0x00403cfe        0x0 build/objects/Siul2_Port_Ip_Cfg.o
 .text          0x00403cfe        0x0 build/objects/Pit_Ip_PBcfg.o
 .text          0x00403cfe        0x0 build/objects/Lpuart_Uart_Ip_Sa_PBcfg.o
 .text          0x00403cfe        0x0 build/objects/C40_Ip_Cfg.o
 .text          0x00403cfe        0x0 build/objects/OsIf_Cfg.o
 .text          0x00403cfe        0x0 build/objects/Clock_Ip_Cfg.o
 .text          0x00403cfe        0x0 build/objects/IntCtrl_Ip_Cfg.o
 .text          0x00403cfe        0x0 build/objects/Dma_Ip_Cfg.o
 .text          0x00403cfe        0x0 build/objects/Dma_Ip_PBcfg.o
 .text          0x00403cfe        0x0 build/objects/FlexCAN_Ip_Sa_PBcfg.o
 .text          0x00403cfe        0x0 build/objects/Crc_Ip_Cfg.o
 .text          0x00403cfe        0x0 build/objects/Hse_Ip_Cfg.o
 .text          0x00403cfe        0x0 build/objects/startup.o
 .text          0x00403cfe        0x0 build/objects/nvic.o
 .text          0x00403cfe        0x0 build/objects/exceptions.o
 *fill*         0x00403cfe        0x2 
 .text          0x00403d00       0x10 build/objects/system.o
                0x00403d00                Sys_GetCoreID
 .text          0x00403d10        0x0 build/objects/startup_cm7.o
 .text          0x00403d10        0x0 build/objects/Vector_Table.o
 .text          0x00403d10        0x0 c:/nxp/s32ds.3.5/s32ds/build_tools/gcc_v10.2/gcc-10.2-arm32-eabi/bin/../lib/gcc/arm-none-eabi/10.2.0/../../../../arm-none-eabi/lib/thumb/v7e-m+fp/hard\libc_nano.a(lib_a-memcmp.o)
 .text          0x00403d10        0x0 c:/nxp/s32ds.3.5/s32ds/build_tools/gcc_v10.2/gcc-10.2-arm32-eabi/bin/../lib/gcc/arm-none-eabi/10.2.0/../../../../arm-none-eabi/lib/thumb/v7e-m+fp/hard\libc_nano.a(lib_a-memcpy-stub.o)
 .text          0x00403d10        0x0 c:/nxp/s32ds.3.5/s32ds/build_tools/gcc_v10.2/gcc-10.2-arm32-eabi/bin/../lib/gcc/arm-none-eabi/10.2.0/../../../../arm-none-eabi/lib/thumb/v7e-m+fp/hard\libc_nano.a(lib_a-memmove.o)
 .text          0x00403d10        0x0 c:/nxp/s32ds.3.5/s32ds/build_tools/gcc_v10.2/gcc-10.2-arm32-eabi/bin/../lib/gcc/arm-none-eabi/10.2.0/../../../../arm-none-eabi/lib/thumb/v7e-m+fp/hard\libc_nano.a(lib_a-memset.o)
 .text          0x00403d10        0x0 c:/nxp/s32ds.3.5/s32ds/build_tools/gcc_v10.2/gcc-10.2-arm32-eabi/bin/../lib/gcc/arm-none-eabi/10.2.0/../../../../arm-none-eabi/lib/thumb/v7e-m+fp/hard\libc_nano.a(lib_a-snprintf.o)
 .text          0x00403d10        0x0 c:/nxp/s32ds.3.5/s32ds/build_tools/gcc_v10.2/gcc-10.2-arm32-eabi/bin/../lib/gcc/arm-none-eabi/10.2.0/../../../../arm-none-eabi/lib/thumb/v7e-m+fp/hard\libc_nano.a(lib_a-strcpy.o)
 .text          0x00403d10       0x10 c:/nxp/s32ds.3.5/s32ds/build_tools/gcc_v10.2/gcc-10.2-arm32-eabi/bin/../lib/gcc/arm-none-eabi/10.2.0/../../../../arm-none-eabi/lib/thumb/v7e-m+fp/hard\libc_nano.a(lib_a-strlen.o)
                0x00403d10                strlen
 .text          0x00403d20        0x0 c:/nxp/s32ds.3.5/s32ds/build_tools/gcc_v10.2/gcc-10.2-arm32-eabi/bin/../lib/gcc/arm-none-eabi/10.2.0/../../../../arm-none-eabi/lib/thumb/v7e-m+fp/hard\libc_nano.a(lib_a-strncpy.o)
 .text          0x00403d20        0x0 c:/nxp/s32ds.3.5/s32ds/build_tools/gcc_v10.2/gcc-10.2-arm32-eabi/bin/../lib/gcc/arm-none-eabi/10.2.0/../../../../arm-none-eabi/lib/thumb/v7e-m+fp/hard\libc_nano.a(lib_a-vsnprintf.o)
 .text          0x00403d20        0x0 c:/nxp/s32ds.3.5/s32ds/build_tools/gcc_v10.2/gcc-10.2-arm32-eabi/bin/../lib/gcc/arm-none-eabi/10.2.0/../../../../arm-none-eabi/lib/thumb/v7e-m+fp/hard\libc_nano.a(lib_a-impure.o)
 .text          0x00403d20        0x0 c:/nxp/s32ds.3.5/s32ds/build_tools/gcc_v10.2/gcc-10.2-arm32-eabi/bin/../lib/gcc/arm-none-eabi/10.2.0/../../../../arm-none-eabi/lib/thumb/v7e-m+fp/hard\libc_nano.a(lib_a-nano-svfprintf.o)
 .text          0x00403d20        0x0 c:/nxp/s32ds.3.5/s32ds/build_tools/gcc_v10.2/gcc-10.2-arm32-eabi/bin/../lib/gcc/arm-none-eabi/10.2.0/../../../../arm-none-eabi/lib/thumb/v7e-m+fp/hard\libc_nano.a(lib_a-nano-vfprintf_i.o)
 .text          0x00403d20       0xa0 c:/nxp/s32ds.3.5/s32ds/build_tools/gcc_v10.2/gcc-10.2-arm32-eabi/bin/../lib/gcc/arm-none-eabi/10.2.0/../../../../arm-none-eabi/lib/thumb/v7e-m+fp/hard\libc_nano.a(lib_a-memchr.o)
                0x00403d20                memchr
 .text          0x00403dc0        0x0 c:/nxp/s32ds.3.5/s32ds/build_tools/gcc_v10.2/gcc-10.2-arm32-eabi/bin/../lib/gcc/arm-none-eabi/10.2.0/../../../../arm-none-eabi/lib/thumb/v7e-m+fp/hard\libc_nano.a(lib_a-nano-freer.o)
 .text          0x00403dc0        0x0 c:/nxp/s32ds.3.5/s32ds/build_tools/gcc_v10.2/gcc-10.2-arm32-eabi/bin/../lib/gcc/arm-none-eabi/10.2.0/../../../../arm-none-eabi/lib/thumb/v7e-m+fp/hard\libc_nano.a(lib_a-nano-mallocr.o)
 .text          0x00403dc0        0x0 c:/nxp/s32ds.3.5/s32ds/build_tools/gcc_v10.2/gcc-10.2-arm32-eabi/bin/../lib/gcc/arm-none-eabi/10.2.0/../../../../arm-none-eabi/lib/thumb/v7e-m+fp/hard\libc_nano.a(lib_a-nano-reallocr.o)
 .text          0x00403dc0        0x0 c:/nxp/s32ds.3.5/s32ds/build_tools/gcc_v10.2/gcc-10.2-arm32-eabi/bin/../lib/gcc/arm-none-eabi/10.2.0/../../../../arm-none-eabi/lib/thumb/v7e-m+fp/hard\libc_nano.a(lib_a-sbrkr.o)
 .text          0x00403dc0        0x0 c:/nxp/s32ds.3.5/s32ds/build_tools/gcc_v10.2/gcc-10.2-arm32-eabi/bin/../lib/gcc/arm-none-eabi/10.2.0/../../../../arm-none-eabi/lib/thumb/v7e-m+fp/hard\libc_nano.a(lib_a-mlock.o)
 .text          0x00403dc0        0x0 c:/nxp/s32ds.3.5/s32ds/build_tools/gcc_v10.2/gcc-10.2-arm32-eabi/bin/../lib/gcc/arm-none-eabi/10.2.0/../../../../arm-none-eabi/lib/thumb/v7e-m+fp/hard\libc_nano.a(lib_a-nano-msizer.o)
 .text          0x00403dc0        0x0 c:/nxp/s32ds.3.5/s32ds/build_tools/gcc_v10.2/gcc-10.2-arm32-eabi/bin/../lib/gcc/arm-none-eabi/10.2.0/../../../../arm-none-eabi/lib/thumb/v7e-m+fp/hard\libc_nano.a(lib_a-reent.o)
 .text          0x00403dc0        0x0 c:/nxp/s32ds.3.5/s32ds/build_tools/gcc_v10.2/gcc-10.2-arm32-eabi/bin/../lib/gcc/arm-none-eabi/10.2.0/../../../../arm-none-eabi/lib/thumb/v7e-m+fp/hard\libnosys.a(sbrk.o)
 *(.text*)
 .text.memcmp   0x00403dc0       0x20 c:/nxp/s32ds.3.5/s32ds/build_tools/gcc_v10.2/gcc-10.2-arm32-eabi/bin/../lib/gcc/arm-none-eabi/10.2.0/../../../../arm-none-eabi/lib/thumb/v7e-m+fp/hard\libc_nano.a(lib_a-memcmp.o)
                0x00403dc0                memcmp
 .text.memcpy   0x00403de0       0x1c c:/nxp/s32ds.3.5/s32ds/build_tools/gcc_v10.2/gcc-10.2-arm32-eabi/bin/../lib/gcc/arm-none-eabi/10.2.0/../../../../arm-none-eabi/lib/thumb/v7e-m+fp/hard\libc_nano.a(lib_a-memcpy-stub.o)
                0x00403de0                memcpy
 .text.memmove  0x00403dfc       0x34 c:/nxp/s32ds.3.5/s32ds/build_tools/gcc_v10.2/gcc-10.2-arm32-eabi/bin/../lib/gcc/arm-none-eabi/10.2.0/../../../../arm-none-eabi/lib/thumb/v7e-m+fp/hard\libc_nano.a(lib_a-memmove.o)
                0x00403dfc                memmove
 .text.memset   0x00403e30       0x10 c:/nxp/s32ds.3.5/s32ds/build_tools/gcc_v10.2/gcc-10.2-arm32-eabi/bin/../lib/gcc/arm-none-eabi/10.2.0/../../../../arm-none-eabi/lib/thumb/v7e-m+fp/hard\libc_nano.a(lib_a-memset.o)
                0x00403e30                memset
 .text._snprintf_r
                0x00403e40       0x5e c:/nxp/s32ds.3.5/s32ds/build_tools/gcc_v10.2/gcc-10.2-arm32-eabi/bin/../lib/gcc/arm-none-eabi/10.2.0/../../../../arm-none-eabi/lib/thumb/v7e-m+fp/hard\libc_nano.a(lib_a-snprintf.o)
                0x00403e40                _snprintf_r
                0x00403e40                _sniprintf_r
 *fill*         0x00403e9e        0x2 
 .text.snprintf
                0x00403ea0       0x68 c:/nxp/s32ds.3.5/s32ds/build_tools/gcc_v10.2/gcc-10.2-arm32-eabi/bin/../lib/gcc/arm-none-eabi/10.2.0/../../../../arm-none-eabi/lib/thumb/v7e-m+fp/hard\libc_nano.a(lib_a-snprintf.o)
                0x00403ea0                sniprintf
                0x00403ea0                snprintf
 .text.strcpy   0x00403f08       0x10 c:/nxp/s32ds.3.5/s32ds/build_tools/gcc_v10.2/gcc-10.2-arm32-eabi/bin/../lib/gcc/arm-none-eabi/10.2.0/../../../../arm-none-eabi/lib/thumb/v7e-m+fp/hard\libc_nano.a(lib_a-strcpy.o)
                0x00403f08                strcpy
 .text.strncpy  0x00403f18       0x26 c:/nxp/s32ds.3.5/s32ds/build_tools/gcc_v10.2/gcc-10.2-arm32-eabi/bin/../lib/gcc/arm-none-eabi/10.2.0/../../../../arm-none-eabi/lib/thumb/v7e-m+fp/hard\libc_nano.a(lib_a-strncpy.o)
                0x00403f18                strncpy
 .text._vsnprintf_r
                0x00403f3e       0x56 c:/nxp/s32ds.3.5/s32ds/build_tools/gcc_v10.2/gcc-10.2-arm32-eabi/bin/../lib/gcc/arm-none-eabi/10.2.0/../../../../arm-none-eabi/lib/thumb/v7e-m+fp/hard\libc_nano.a(lib_a-vsnprintf.o)
                0x00403f3e                _vsniprintf_r
                0x00403f3e                _vsnprintf_r
 .text.vsnprintf
                0x00403f94       0x1c c:/nxp/s32ds.3.5/s32ds/build_tools/gcc_v10.2/gcc-10.2-arm32-eabi/bin/../lib/gcc/arm-none-eabi/10.2.0/../../../../arm-none-eabi/lib/thumb/v7e-m+fp/hard\libc_nano.a(lib_a-vsnprintf.o)
                0x00403f94                vsniprintf
                0x00403f94                vsnprintf
 .text.__ssputs_r
                0x00403fb0       0xb6 c:/nxp/s32ds.3.5/s32ds/build_tools/gcc_v10.2/gcc-10.2-arm32-eabi/bin/../lib/gcc/arm-none-eabi/10.2.0/../../../../arm-none-eabi/lib/thumb/v7e-m+fp/hard\libc_nano.a(lib_a-nano-svfprintf.o)
                0x00403fb0                __ssputs_r
 .text.__ssprint_r
                0x00404066       0xf6 c:/nxp/s32ds.3.5/s32ds/build_tools/gcc_v10.2/gcc-10.2-arm32-eabi/bin/../lib/gcc/arm-none-eabi/10.2.0/../../../../arm-none-eabi/lib/thumb/v7e-m+fp/hard\libc_nano.a(lib_a-nano-svfprintf.o)
                0x00404066                __ssprint_r
 .text._svfprintf_r
                0x0040415c      0x200 c:/nxp/s32ds.3.5/s32ds/build_tools/gcc_v10.2/gcc-10.2-arm32-eabi/bin/../lib/gcc/arm-none-eabi/10.2.0/../../../../arm-none-eabi/lib/thumb/v7e-m+fp/hard\libc_nano.a(lib_a-nano-svfprintf.o)
                0x0040415c                _svfiprintf_r
                0x0040415c                _svfprintf_r
 .text._printf_common
                0x0040435c       0xda c:/nxp/s32ds.3.5/s32ds/build_tools/gcc_v10.2/gcc-10.2-arm32-eabi/bin/../lib/gcc/arm-none-eabi/10.2.0/../../../../arm-none-eabi/lib/thumb/v7e-m+fp/hard\libc_nano.a(lib_a-nano-vfprintf_i.o)
                0x0040435c                _printf_common
 *fill*         0x00404436        0x2 
 .text._printf_i
                0x00404438      0x24c c:/nxp/s32ds.3.5/s32ds/build_tools/gcc_v10.2/gcc-10.2-arm32-eabi/bin/../lib/gcc/arm-none-eabi/10.2.0/../../../../arm-none-eabi/lib/thumb/v7e-m+fp/hard\libc_nano.a(lib_a-nano-vfprintf_i.o)
                0x00404438                _printf_i
 .text._free_r  0x00404684       0x98 c:/nxp/s32ds.3.5/s32ds/build_tools/gcc_v10.2/gcc-10.2-arm32-eabi/bin/../lib/gcc/arm-none-eabi/10.2.0/../../../../arm-none-eabi/lib/thumb/v7e-m+fp/hard\libc_nano.a(lib_a-nano-freer.o)
                0x00404684                _free_r
 .text._malloc_r
                0x0040471c       0xb4 c:/nxp/s32ds.3.5/s32ds/build_tools/gcc_v10.2/gcc-10.2-arm32-eabi/bin/../lib/gcc/arm-none-eabi/10.2.0/../../../../arm-none-eabi/lib/thumb/v7e-m+fp/hard\libc_nano.a(lib_a-nano-mallocr.o)
                0x0040471c                _malloc_r
 .text._realloc_r
                0x004047d0       0x4c c:/nxp/s32ds.3.5/s32ds/build_tools/gcc_v10.2/gcc-10.2-arm32-eabi/bin/../lib/gcc/arm-none-eabi/10.2.0/../../../../arm-none-eabi/lib/thumb/v7e-m+fp/hard\libc_nano.a(lib_a-nano-reallocr.o)
                0x004047d0                _realloc_r
 .text._sbrk_r  0x0040481c       0x20 c:/nxp/s32ds.3.5/s32ds/build_tools/gcc_v10.2/gcc-10.2-arm32-eabi/bin/../lib/gcc/arm-none-eabi/10.2.0/../../../../arm-none-eabi/lib/thumb/v7e-m+fp/hard\libc_nano.a(lib_a-sbrkr.o)
                0x0040481c                _sbrk_r
 .text.__malloc_lock
                0x0040483c        0x2 c:/nxp/s32ds.3.5/s32ds/build_tools/gcc_v10.2/gcc-10.2-arm32-eabi/bin/../lib/gcc/arm-none-eabi/10.2.0/../../../../arm-none-eabi/lib/thumb/v7e-m+fp/hard\libc_nano.a(lib_a-mlock.o)
                0x0040483c                __malloc_lock
 .text.__malloc_unlock
                0x0040483e        0x2 c:/nxp/s32ds.3.5/s32ds/build_tools/gcc_v10.2/gcc-10.2-arm32-eabi/bin/../lib/gcc/arm-none-eabi/10.2.0/../../../../arm-none-eabi/lib/thumb/v7e-m+fp/hard\libc_nano.a(lib_a-mlock.o)
                0x0040483e                __malloc_unlock
 .text._malloc_usable_size_r
                0x00404840       0x10 c:/nxp/s32ds.3.5/s32ds/build_tools/gcc_v10.2/gcc-10.2-arm32-eabi/bin/../lib/gcc/arm-none-eabi/10.2.0/../../../../arm-none-eabi/lib/thumb/v7e-m+fp/hard\libc_nano.a(lib_a-nano-msizer.o)
                0x00404840                _malloc_usable_size_r
 .text.cleanup_glue
                0x00404850       0x1a c:/nxp/s32ds.3.5/s32ds/build_tools/gcc_v10.2/gcc-10.2-arm32-eabi/bin/../lib/gcc/arm-none-eabi/10.2.0/../../../../arm-none-eabi/lib/thumb/v7e-m+fp/hard\libc_nano.a(lib_a-reent.o)
                0x00404850                cleanup_glue
 *fill*         0x0040486a        0x2 
 .text._reclaim_reent
                0x0040486c       0xb8 c:/nxp/s32ds.3.5/s32ds/build_tools/gcc_v10.2/gcc-10.2-arm32-eabi/bin/../lib/gcc/arm-none-eabi/10.2.0/../../../../arm-none-eabi/lib/thumb/v7e-m+fp/hard\libc_nano.a(lib_a-reent.o)
                0x0040486c                _reclaim_reent
 .text._sbrk    0x00404924       0x1c c:/nxp/s32ds.3.5/s32ds/build_tools/gcc_v10.2/gcc-10.2-arm32-eabi/bin/../lib/gcc/arm-none-eabi/10.2.0/../../../../arm-none-eabi/lib/thumb/v7e-m+fp/hard\libnosys.a(sbrk.o)
                0x00404924                _sbrk
                0x00404940                . = ALIGN (0x4)
 *(.mcal_text)
 .mcal_text     0x00404940      0x8e0 build/objects/C40_Ip.o
                0x00404a90                C40_Ip_CheckLockDomainID_CheckRegister
                0x00404b0c                C40_Ip_Block4PipeSelect
                0x00404b20                C40_Ip_MainInterfaceWriteLogicalAddress
                0x00404b2c                C40_Ip_EccDataErrorSuppression
                0x00404b3c                C40_Ip_GetPflashDataErrorSuppressionStatus
                0x00404b4c                C40_Ip_SetAsyncMode
                0x00404b58                C40_Ip_GetSectorNumberFromAddress
                0x00404b8c                C40_Ip_GetBlockNumberFromAddress
                0x00404bc2                C40_Ip_GetLockProtect
                0x00404c38                C40_Ip_GetLock
                0x00404c52                C40_Ip_ClearLockProtect
                0x00404cb8                C40_Ip_ClearLock
                0x00404d18                C40_Ip_Init
                0x00404d4c                C40_Ip_Abort
                0x00404d4e                C40_Ip_MainInterfaceHVJobStatus
                0x00404d70                C40_Ip_MainInterfaceSectorErase
                0x00404e1c                C40_Ip_MainInterfaceSectorEraseStatus
                0x00404e4c                C40_Ip_MainInterfaceWrite
                0x00404fc0                C40_Ip_MainInterfaceWriteStatus
                0x00404ff0                C40_Ip_Read
                0x00405080                C40_Ip_Compare
                0x00405190                C40_Ip_GetFailedAddress
                0x00405214                C40_Ip_ReportEccUnCorrectedError
 .mcal_text     0x00405220      0x2c8 build/objects/Crc_Ip_Software.o
                0x0040536e                Crc_Ip_SwCalculate
 .mcal_text     0x004054e8      0x334 build/objects/Clock_Ip_Specific.o
                0x004054e8                Clock_Ip_McMeEnterKey
                0x004054fc                Clock_Ip_PowerClockIpModules
                0x00405768                DisableFircInStandbyMode
                0x00405778                EnableFircInStandbyMode
                0x00405794                DisableSircInStandbyMode
                0x004057a4                EnableSircInStandbyMode
                0x004057c0                Clock_Ip_Command
                0x00405810                Clock_Ip_FLASH_SetFlashIWS
                0x00405814                Clock_Ip_SetFlashWaitStates
                0x00405818                Clock_Ip_SetRamWaitStates
 .mcal_text     0x0040581c      0xe48 build/objects/FlexCAN_Ip_HwAccess.o
                0x0040584e                FlexCAN_ComputePayloadSize
                0x00405868                FlexCAN_GetMsgBuffRegion
                0x004058c4                FlexCAN_GetMaxMbNum
                0x0040590c                FlexCAN_EnterFreezeMode
                0x0040596c                FlexCAN_Enable
                0x004059b6                FlexCAN_ExitFreezeMode
                0x00405a08                FlexCAN_Disable
                0x00405a58                FlexCAN_SetErrIntCmd
                0x00405ac0                FlexCAN_Init
                0x00405ba0                FlexCAN_EnableRxFifo
                0x00405bee                FlexCAN_SetPayloadSize
                0x00405c3e                FlexCAN_GetMbPayloadSize
                0x00405c6a                FlexCAN_LockRxMsgBuff
                0x00405c74                FlexCAN_SetMsgBuffIntCmd
                0x00405d08                FLEXCAN_ClearMsgBuffIntCmd
                0x00405d6c                FlexCAN_DisableInterrupts
                0x00405d80                FlexCAN_EnableInterrupts
                0x00405da4                FlexCAN_SetRxMsgBuff
                0x00405e30                FlexCAN_GetMsgBuffTimestamp
                0x00405e3c                FlexCAN_GetMsgBuff
                0x00405ed2                FlexCAN_SetTxMsgBuff
                0x00405fd8                FlexCAN_SetMaxMsgBuffNum
                0x0040606e                FlexCAN_SetOperationMode
                0x004060ac                FlexCAN_SetRxFifoFilter
                0x00406254                FlexCAN_ReadRxFifo
                0x004062bc                FlexCAN_ReadEnhancedRxFifo
                0x0040635c                FlexCAN_IsMbOutOfRange
                0x00406382                FlexCAN_IsEnhancedRxFifoAvailable
                0x00406390                FlexCAN_EnableEnhancedRxFifo
                0x0040641e                FlexCAN_SetEnhancedRxFifoFilter
                0x00406590                FlexCAN_ConfigCtrlOptions
                0x0040660c                FlexCAN_ResetImaskBuff
                0x00406620                FlexCAN_DisableMemErrorDetection
 .mcal_text     0x00406664      0x24e build/objects/IntCtrl_Ip.o
                0x00406664                IntCtrl_Ip_InstallHandlerPrivileged
                0x004066a2                IntCtrl_Ip_EnableIrqPrivileged
                0x004066d2                IntCtrl_Ip_DisableIrqPrivileged
                0x00406702                IntCtrl_Ip_SetPriorityPrivileged
                0x0040673a                IntCtrl_Ip_GetPriorityPrivileged
                0x00406762                IntCtrl_Ip_ClearPendingPrivileged
                0x00406792                IntCtrl_Ip_SetPendingPrivileged
                0x004067c2                IntCtrl_Ip_GetPendingPrivileged
                0x004067f2                IntCtrl_Ip_GetActivePrivileged
                0x00406822                IntCtrl_Ip_Init
                0x0040688e                IntCtrl_Ip_InstallHandler
                0x00406892                IntCtrl_Ip_EnableIrq
                0x00406896                IntCtrl_Ip_DisableIrq
                0x0040689a                IntCtrl_Ip_SetPriority
                0x0040689e                IntCtrl_Ip_GetPriority
                0x004068a2                IntCtrl_Ip_ClearPending
                0x004068a6                IntCtrl_Ip_SetPending
                0x004068aa                IntCtrl_Ip_GetPending
                0x004068ae                IntCtrl_Ip_GetActive
 *fill*         0x004068b2        0x2 
 .mcal_text     0x004068b4      0x214 build/objects/Clock_Ip_ExtOsc.o
 .mcal_text     0x00406ac8      0x88c build/objects/Clock_Ip.o
                0x00406aca                Clock_Ip_InitClock
                0x00407078                Clock_Ip_GetPllStatus
                0x0040711c                Clock_Ip_DistributePll
                0x00407208                Clock_Ip_Init
                0x0040722c                Clock_Ip_DisableClockMonitor
                0x00407250                Clock_Ip_InstallNotificationsCallback
                0x0040725c                Clock_Ip_DisableModuleClock
                0x00407284                Clock_Ip_EnableModuleClock
                0x004072ac                Clock_Ip_DisableFircInStandby
                0x004072c4                Clock_Ip_EnableFircInStandby
                0x004072dc                Clock_Ip_DisableSircInStandby
                0x004072f4                Clock_Ip_EnableSircInStandby
                0x0040730c                Clock_Ip_ReportClockErrors
                0x00407318                Clock_Ip_StartTimeout
                0x00407338                Clock_Ip_TimeoutExpired
 .mcal_text     0x00407354      0x320 build/objects/SchM_Crypto_43_HSE.o
                0x00407354                SchM_Enter_Crypto_43_HSE_CRYPTO_EXCLUSIVE_AREA_00
                0x00407388                SchM_Exit_Crypto_43_HSE_CRYPTO_EXCLUSIVE_AREA_00
                0x004073b8                SchM_Enter_Crypto_43_HSE_CRYPTO_EXCLUSIVE_AREA_01
                0x004073ec                SchM_Exit_Crypto_43_HSE_CRYPTO_EXCLUSIVE_AREA_01
                0x0040741c                SchM_Enter_Crypto_43_HSE_CRYPTO_EXCLUSIVE_AREA_02
                0x00407450                SchM_Exit_Crypto_43_HSE_CRYPTO_EXCLUSIVE_AREA_02
                0x00407480                SchM_Enter_Crypto_43_HSE_CRYPTO_EXCLUSIVE_AREA_03
                0x004074b4                SchM_Exit_Crypto_43_HSE_CRYPTO_EXCLUSIVE_AREA_03
                0x004074e4                SchM_Enter_Crypto_43_HSE_CRYPTO_EXCLUSIVE_AREA_04
                0x00407518                SchM_Exit_Crypto_43_HSE_CRYPTO_EXCLUSIVE_AREA_04
                0x00407548                SchM_Enter_Crypto_43_HSE_CRYPTO_EXCLUSIVE_AREA_05
                0x0040757c                SchM_Exit_Crypto_43_HSE_CRYPTO_EXCLUSIVE_AREA_05
                0x004075ac                SchM_Enter_Crypto_43_HSE_CRYPTO_EXCLUSIVE_AREA_10
                0x004075e0                SchM_Exit_Crypto_43_HSE_CRYPTO_EXCLUSIVE_AREA_10
                0x00407610                SchM_Enter_Crypto_43_HSE_CRYPTO_EXCLUSIVE_AREA_11
                0x00407644                SchM_Exit_Crypto_43_HSE_CRYPTO_EXCLUSIVE_AREA_11
 .mcal_text     0x00407674      0x898 build/objects/SchM_Uart.o
                0x00407674                SchM_Enter_Uart_UART_EXCLUSIVE_AREA_00
                0x004076a8                SchM_Exit_Uart_UART_EXCLUSIVE_AREA_00
                0x004076d8                SchM_Enter_Uart_UART_EXCLUSIVE_AREA_01
                0x0040770c                SchM_Exit_Uart_UART_EXCLUSIVE_AREA_01
                0x0040773c                SchM_Enter_Uart_UART_EXCLUSIVE_AREA_02
                0x00407770                SchM_Exit_Uart_UART_EXCLUSIVE_AREA_02
                0x004077a0                SchM_Enter_Uart_UART_EXCLUSIVE_AREA_03
                0x004077d4                SchM_Exit_Uart_UART_EXCLUSIVE_AREA_03
                0x00407804                SchM_Enter_Uart_UART_EXCLUSIVE_AREA_04
                0x00407838                SchM_Exit_Uart_UART_EXCLUSIVE_AREA_04
                0x00407868                SchM_Enter_Uart_UART_EXCLUSIVE_AREA_05
                0x0040789c                SchM_Exit_Uart_UART_EXCLUSIVE_AREA_05
                0x004078cc                SchM_Enter_Uart_UART_EXCLUSIVE_AREA_06
                0x00407900                SchM_Exit_Uart_UART_EXCLUSIVE_AREA_06
                0x00407930                SchM_Enter_Uart_UART_EXCLUSIVE_AREA_07
                0x00407964                SchM_Exit_Uart_UART_EXCLUSIVE_AREA_07
                0x00407994                SchM_Enter_Uart_UART_EXCLUSIVE_AREA_08
                0x004079c8                SchM_Exit_Uart_UART_EXCLUSIVE_AREA_08
                0x004079f8                SchM_Enter_Uart_UART_EXCLUSIVE_AREA_09
                0x00407a2c                SchM_Exit_Uart_UART_EXCLUSIVE_AREA_09
                0x00407a5c                SchM_Enter_Uart_UART_EXCLUSIVE_AREA_10
                0x00407a90                SchM_Exit_Uart_UART_EXCLUSIVE_AREA_10
                0x00407ac0                SchM_Enter_Uart_UART_EXCLUSIVE_AREA_11
                0x00407af4                SchM_Exit_Uart_UART_EXCLUSIVE_AREA_11
                0x00407b24                SchM_Enter_Uart_UART_EXCLUSIVE_AREA_12
                0x00407b58                SchM_Exit_Uart_UART_EXCLUSIVE_AREA_12
                0x00407b88                SchM_Enter_Uart_UART_EXCLUSIVE_AREA_13
                0x00407bbc                SchM_Exit_Uart_UART_EXCLUSIVE_AREA_13
                0x00407bec                SchM_Enter_Uart_UART_EXCLUSIVE_AREA_14
                0x00407c20                SchM_Exit_Uart_UART_EXCLUSIVE_AREA_14
                0x00407c50                SchM_Enter_Uart_UART_EXCLUSIVE_AREA_15
                0x00407c84                SchM_Exit_Uart_UART_EXCLUSIVE_AREA_15
                0x00407cb4                SchM_Enter_Uart_UART_EXCLUSIVE_AREA_16
                0x00407ce8                SchM_Exit_Uart_UART_EXCLUSIVE_AREA_16
                0x00407d18                SchM_Enter_Uart_UART_EXCLUSIVE_AREA_17
                0x00407d4c                SchM_Exit_Uart_UART_EXCLUSIVE_AREA_17
                0x00407d7c                SchM_Enter_Uart_UART_EXCLUSIVE_AREA_18
                0x00407db0                SchM_Exit_Uart_UART_EXCLUSIVE_AREA_18
                0x00407de0                SchM_Enter_Uart_UART_EXCLUSIVE_AREA_19
                0x00407e14                SchM_Exit_Uart_UART_EXCLUSIVE_AREA_19
                0x00407e44                SchM_Enter_Uart_UART_EXCLUSIVE_AREA_20
                0x00407e78                SchM_Exit_Uart_UART_EXCLUSIVE_AREA_20
                0x00407ea8                SchM_Enter_Uart_UART_EXCLUSIVE_AREA_21
                0x00407edc                SchM_Exit_Uart_UART_EXCLUSIVE_AREA_21
 .mcal_text     0x00407f0c        0x4 build/objects/Clock_Ip_Irq.o
                0x00407f0c                Mcu_Cmu_ClockFail_IRQHandler
 .mcal_text     0x00407f10      0x1e8 build/objects/Crc_Ip_Hardware.o
                0x00407f30                Crc_Ip_HwSetConfig
                0x00408018                Crc_Ip_HwGetLocResult
                0x0040804a                Crc_Ip_HwCalculate
 .mcal_text     0x004080f8      0x1c8 build/objects/Det_stub.o
                0x004080f8                Det_TestLastReportError
                0x00408144                Det_TestLastReportRuntimeError
                0x00408190                Det_TestLastReportTransientFault
                0x004081dc                Det_TestNoError
                0x00408228                Det_TestNoRuntimeError
                0x00408274                Det_TestNoTransientFault
 .mcal_text     0x004082c0      0x5fc build/objects/Det.o
                0x004082c0                Det_Start
                0x004082c2                Det_InitDataNode
                0x00408348                Det_LinkNodeToHead
                0x00408378                Det_DelAllNodesSameId
                0x00408476                Det_FreeNodesInLinkedList
                0x004085a2                Det_Init
                0x004087a8                Det_ReportError
                0x00408804                Det_ReportRuntimeError
                0x00408860                Det_ReportTransientFault
 .mcal_text     0x004088bc      0xdc8 build/objects/Lpuart_Uart_Ip.o
                0x00408b20                Lpuart_Uart_Ip_Init
                0x00408c70                Lpuart_Uart_Ip_Deinit
                0x00408d14                Lpuart_Uart_Ip_SyncSend
                0x00408e0c                Lpuart_Uart_Ip_AsyncSend
                0x00408ecc                Lpuart_Uart_Ip_GetTransmitStatus
                0x00408f34                Lpuart_Uart_Ip_AbortSendingData
                0x00408f9c                Lpuart_Uart_Ip_SyncReceive
                0x00409114                Lpuart_Uart_Ip_AsyncReceive
                0x0040920c                Lpuart_Uart_Ip_GetReceiveStatus
                0x00409274                Lpuart_Uart_Ip_AbortReceivingData
                0x004092ec                Lpuart_Uart_Ip_SetBaudRate
                0x004093ec                Lpuart_Uart_Ip_GetBaudRate
                0x00409418                Lpuart_Uart_Ip_SetTxBuffer
                0x0040944c                Lpuart_Uart_Ip_SetRxBuffer
                0x00409480                Lpuart_Uart_Ip_IrqHandler
 .mcal_text     0x00409684        0x2 build/objects/Clock_Ip_Frequency.o
                0x00409684                Clock_Ip_SetExternalSignalFrequency
 .mcal_text     0x00409686       0x4c build/objects/OsIf_Timer_System_Internal_Systick.o
                0x00409686                OsIf_Timer_System_Internal_Init
                0x0040969c                OsIf_Timer_System_Internal_GetCounter
                0x004096a8                OsIf_Timer_System_Internal_GetElapsed
 .mcal_text     0x004096d2        0x6 build/objects/Lpuart_Uart_Ip_Irq.o
                0x004096d2                LPUART_UART_IP_6_IRQHandler
 .mcal_text     0x004096d8       0x1e build/objects/OsIf_Timer.o
                0x004096d8                OsIf_Init
                0x004096e0                OsIf_GetCounter
                0x004096e4                OsIf_GetElapsed
                0x004096ec                OsIf_SetTimerFrequency
                0x004096ee                OsIf_MicrosToTicks
 *fill*         0x004096f6        0x2 
 .mcal_text     0x004096f8      0x150 build/objects/Clock_Ip_Gate.o
 .mcal_text     0x00409848      0x12c build/objects/SchM_Mcu.o
                0x00409848                SchM_Enter_Mcu_MCU_EXCLUSIVE_AREA_00
                0x0040987c                SchM_Exit_Mcu_MCU_EXCLUSIVE_AREA_00
                0x004098ac                SchM_Enter_Mcu_MCU_EXCLUSIVE_AREA_01
                0x004098e0                SchM_Exit_Mcu_MCU_EXCLUSIVE_AREA_01
                0x00409910                SchM_Enter_Mcu_MCU_EXCLUSIVE_AREA_02
                0x00409944                SchM_Exit_Mcu_MCU_EXCLUSIVE_AREA_02
 .mcal_text     0x00409974       0xf0 build/objects/Dma_Ip_Driver_State.o
                0x004099ec                Dma_Ip_SetHwChannelState
                0x00409a1c                Dma_Ip_GetHwChannelState
                0x00409a38                Dma_Ip_GetHwChannelStatePointer
                0x00409a50                Dma_Ip_SetHwChannelStatePointer
 .mcal_text     0x00409a64      0x4cc build/objects/Crc_Ip.o
                0x00409c48                Crc_Ip_Init
                0x00409c80                Crc_Ip_SetChannelConfig
                0x00409cb4                Crc_Ip_SetChannelCalculate
                0x00409ef4                Crc_Ip_GetChannelResult
 .mcal_text     0x00409f30      0x358 build/objects/Hse_Ip.o
                0x00409f70                Hse_Ip_Init
                0x00409fa8                Hse_Ip_Deinit
                0x00409fb8                Hse_Ip_GetFreeChannel
                0x0040a020                Hse_Ip_ReleaseChannel
                0x0040a0ac                Hse_Ip_ToAHBAddress
                0x0040a0ae                Hse_Ip_ServiceRequest
                0x0040a178                Hse_Ip_MainFunction
                0x0040a17c                Hse_Ip_GetHseStatus
                0x0040a190                Hse_Ip_RegisterGenericCallback
                0x0040a1ac                Hse_Ip_RxIrqHandler
                0x0040a244                Hse_Ip_GeneralPurposeIrqHandler
 .mcal_text     0x0040a288      0xaf0 build/objects/SchM_Port.o
                0x0040a288                SchM_Enter_Port_PORT_EXCLUSIVE_AREA_00
                0x0040a2bc                SchM_Exit_Port_PORT_EXCLUSIVE_AREA_00
                0x0040a2ec                SchM_Enter_Port_PORT_EXCLUSIVE_AREA_01
                0x0040a320                SchM_Exit_Port_PORT_EXCLUSIVE_AREA_01
                0x0040a350                SchM_Enter_Port_PORT_EXCLUSIVE_AREA_02
                0x0040a384                SchM_Exit_Port_PORT_EXCLUSIVE_AREA_02
                0x0040a3b4                SchM_Enter_Port_PORT_EXCLUSIVE_AREA_03
                0x0040a3e8                SchM_Exit_Port_PORT_EXCLUSIVE_AREA_03
                0x0040a418                SchM_Enter_Port_PORT_EXCLUSIVE_AREA_04
                0x0040a44c                SchM_Exit_Port_PORT_EXCLUSIVE_AREA_04
                0x0040a47c                SchM_Enter_Port_PORT_EXCLUSIVE_AREA_05
                0x0040a4b0                SchM_Exit_Port_PORT_EXCLUSIVE_AREA_05
                0x0040a4e0                SchM_Enter_Port_PORT_EXCLUSIVE_AREA_06
                0x0040a514                SchM_Exit_Port_PORT_EXCLUSIVE_AREA_06
                0x0040a544                SchM_Enter_Port_PORT_EXCLUSIVE_AREA_07
                0x0040a578                SchM_Exit_Port_PORT_EXCLUSIVE_AREA_07
                0x0040a5a8                SchM_Enter_Port_PORT_EXCLUSIVE_AREA_08
                0x0040a5dc                SchM_Exit_Port_PORT_EXCLUSIVE_AREA_08
                0x0040a60c                SchM_Enter_Port_PORT_EXCLUSIVE_AREA_09
                0x0040a640                SchM_Exit_Port_PORT_EXCLUSIVE_AREA_09
                0x0040a670                SchM_Enter_Port_PORT_EXCLUSIVE_AREA_10
                0x0040a6a4                SchM_Exit_Port_PORT_EXCLUSIVE_AREA_10
                0x0040a6d4                SchM_Enter_Port_PORT_EXCLUSIVE_AREA_11
                0x0040a708                SchM_Exit_Port_PORT_EXCLUSIVE_AREA_11
                0x0040a738                SchM_Enter_Port_PORT_EXCLUSIVE_AREA_12
                0x0040a76c                SchM_Exit_Port_PORT_EXCLUSIVE_AREA_12
                0x0040a79c                SchM_Enter_Port_PORT_EXCLUSIVE_AREA_13
                0x0040a7d0                SchM_Exit_Port_PORT_EXCLUSIVE_AREA_13
                0x0040a800                SchM_Enter_Port_PORT_EXCLUSIVE_AREA_14
                0x0040a834                SchM_Exit_Port_PORT_EXCLUSIVE_AREA_14
                0x0040a864                SchM_Enter_Port_PORT_EXCLUSIVE_AREA_15
                0x0040a898                SchM_Exit_Port_PORT_EXCLUSIVE_AREA_15
                0x0040a8c8                SchM_Enter_Port_PORT_EXCLUSIVE_AREA_16
                0x0040a8fc                SchM_Exit_Port_PORT_EXCLUSIVE_AREA_16
                0x0040a92c                SchM_Enter_Port_PORT_EXCLUSIVE_AREA_17
                0x0040a960                SchM_Exit_Port_PORT_EXCLUSIVE_AREA_17
                0x0040a990                SchM_Enter_Port_PORT_EXCLUSIVE_AREA_18
                0x0040a9c4                SchM_Exit_Port_PORT_EXCLUSIVE_AREA_18
                0x0040a9f4                SchM_Enter_Port_PORT_EXCLUSIVE_AREA_19
                0x0040aa28                SchM_Exit_Port_PORT_EXCLUSIVE_AREA_19
                0x0040aa58                SchM_Enter_Port_PORT_EXCLUSIVE_AREA_20
                0x0040aa8c                SchM_Exit_Port_PORT_EXCLUSIVE_AREA_20
                0x0040aabc                SchM_Enter_Port_PORT_EXCLUSIVE_AREA_21
                0x0040aaf0                SchM_Exit_Port_PORT_EXCLUSIVE_AREA_21
                0x0040ab20                SchM_Enter_Port_PORT_EXCLUSIVE_AREA_22
                0x0040ab54                SchM_Exit_Port_PORT_EXCLUSIVE_AREA_22
                0x0040ab84                SchM_Enter_Port_PORT_EXCLUSIVE_AREA_23
                0x0040abb8                SchM_Exit_Port_PORT_EXCLUSIVE_AREA_23
                0x0040abe8                SchM_Enter_Port_PORT_EXCLUSIVE_AREA_24
                0x0040ac1c                SchM_Exit_Port_PORT_EXCLUSIVE_AREA_24
                0x0040ac4c                SchM_Enter_Port_PORT_EXCLUSIVE_AREA_25
                0x0040ac80                SchM_Exit_Port_PORT_EXCLUSIVE_AREA_25
                0x0040acb0                SchM_Enter_Port_PORT_EXCLUSIVE_AREA_26
                0x0040ace4                SchM_Exit_Port_PORT_EXCLUSIVE_AREA_26
                0x0040ad14                SchM_Enter_Port_PORT_EXCLUSIVE_AREA_27
                0x0040ad48                SchM_Exit_Port_PORT_EXCLUSIVE_AREA_27
 .mcal_text     0x0040ad78      0x36c build/objects/Pit_Ip.o
                0x0040ad94                Pit_Ip_GetLoadValue
                0x0040ada8                Pit_Ip_GetInterruptStatusFlag
                0x0040adcc                Pit_Ip_Init
                0x0040adf8                Pit_Ip_InitChannel
                0x0040ae68                Pit_Ip_Deinit
                0x0040aee4                Pit_Ip_StartChannel
                0x0040af24                Pit_Ip_StopChannel
                0x0040af58                Pit_Ip_GetCurrentTimer
                0x0040af70                Pit_Ip_EnableChannelInterrupt
                0x0040afa0                Pit_Ip_DisableChannelInterrupt
                0x0040afd4                Pit_Ip_SetLifetimeTimer
                0x0040b040                Pit_Ip_GetLifetimeTimer
                0x0040b06c                PIT_0_ISR
 .mcal_text     0x0040b0e4       0x18 build/objects/Mu_Ip_Irq.o
                0x0040b0e4                Mu_Ip_Mu0_OredRx_Isr
                0x0040b0ea                Mu_Ip_Mu0_OredGP_Isr
                0x0040b0f0                Mu_Ip_Mu1_OredRx_Isr
                0x0040b0f6                Mu_Ip_Mu1_OredGP_Isr
 .mcal_text     0x0040b0fc     0x1900 build/objects/SchM_Gpt.o
                0x0040b0fc                SchM_Enter_Gpt_GPT_EXCLUSIVE_AREA_00
                0x0040b130                SchM_Exit_Gpt_GPT_EXCLUSIVE_AREA_00
                0x0040b160                SchM_Enter_Gpt_GPT_EXCLUSIVE_AREA_01
                0x0040b194                SchM_Exit_Gpt_GPT_EXCLUSIVE_AREA_01
                0x0040b1c4                SchM_Enter_Gpt_GPT_EXCLUSIVE_AREA_02
                0x0040b1f8                SchM_Exit_Gpt_GPT_EXCLUSIVE_AREA_02
                0x0040b228                SchM_Enter_Gpt_GPT_EXCLUSIVE_AREA_03
                0x0040b25c                SchM_Exit_Gpt_GPT_EXCLUSIVE_AREA_03
                0x0040b28c                SchM_Enter_Gpt_GPT_EXCLUSIVE_AREA_04
                0x0040b2c0                SchM_Exit_Gpt_GPT_EXCLUSIVE_AREA_04
                0x0040b2f0                SchM_Enter_Gpt_GPT_EXCLUSIVE_AREA_05
                0x0040b324                SchM_Exit_Gpt_GPT_EXCLUSIVE_AREA_05
                0x0040b354                SchM_Enter_Gpt_GPT_EXCLUSIVE_AREA_06
                0x0040b388                SchM_Exit_Gpt_GPT_EXCLUSIVE_AREA_06
                0x0040b3b8                SchM_Enter_Gpt_GPT_EXCLUSIVE_AREA_07
                0x0040b3ec                SchM_Exit_Gpt_GPT_EXCLUSIVE_AREA_07
                0x0040b41c                SchM_Enter_Gpt_GPT_EXCLUSIVE_AREA_08
                0x0040b450                SchM_Exit_Gpt_GPT_EXCLUSIVE_AREA_08
                0x0040b480                SchM_Enter_Gpt_GPT_EXCLUSIVE_AREA_09
                0x0040b4b4                SchM_Exit_Gpt_GPT_EXCLUSIVE_AREA_09
                0x0040b4e4                SchM_Enter_Gpt_GPT_EXCLUSIVE_AREA_10
                0x0040b518                SchM_Exit_Gpt_GPT_EXCLUSIVE_AREA_10
                0x0040b548                SchM_Enter_Gpt_GPT_EXCLUSIVE_AREA_11
                0x0040b57c                SchM_Exit_Gpt_GPT_EXCLUSIVE_AREA_11
                0x0040b5ac                SchM_Enter_Gpt_GPT_EXCLUSIVE_AREA_17
                0x0040b5e0                SchM_Exit_Gpt_GPT_EXCLUSIVE_AREA_17
                0x0040b610                SchM_Enter_Gpt_GPT_EXCLUSIVE_AREA_21
                0x0040b644                SchM_Exit_Gpt_GPT_EXCLUSIVE_AREA_21
                0x0040b674                SchM_Enter_Gpt_GPT_EXCLUSIVE_AREA_22
                0x0040b6a8                SchM_Exit_Gpt_GPT_EXCLUSIVE_AREA_22
                0x0040b6d8                SchM_Enter_Gpt_GPT_EXCLUSIVE_AREA_23
                0x0040b70c                SchM_Exit_Gpt_GPT_EXCLUSIVE_AREA_23
                0x0040b73c                SchM_Enter_Gpt_GPT_EXCLUSIVE_AREA_24
                0x0040b770                SchM_Exit_Gpt_GPT_EXCLUSIVE_AREA_24
                0x0040b7a0                SchM_Enter_Gpt_GPT_EXCLUSIVE_AREA_25
                0x0040b7d4                SchM_Exit_Gpt_GPT_EXCLUSIVE_AREA_25
                0x0040b804                SchM_Enter_Gpt_GPT_EXCLUSIVE_AREA_26
                0x0040b838                SchM_Exit_Gpt_GPT_EXCLUSIVE_AREA_26
                0x0040b868                SchM_Enter_Gpt_GPT_EXCLUSIVE_AREA_29
                0x0040b89c                SchM_Exit_Gpt_GPT_EXCLUSIVE_AREA_29
                0x0040b8cc                SchM_Enter_Gpt_GPT_EXCLUSIVE_AREA_30
                0x0040b900                SchM_Exit_Gpt_GPT_EXCLUSIVE_AREA_30
                0x0040b930                SchM_Enter_Gpt_GPT_EXCLUSIVE_AREA_31
                0x0040b964                SchM_Exit_Gpt_GPT_EXCLUSIVE_AREA_31
                0x0040b994                SchM_Enter_Gpt_GPT_EXCLUSIVE_AREA_35
                0x0040b9c8                SchM_Exit_Gpt_GPT_EXCLUSIVE_AREA_35
                0x0040b9f8                SchM_Enter_Gpt_GPT_EXCLUSIVE_AREA_36
                0x0040ba2c                SchM_Exit_Gpt_GPT_EXCLUSIVE_AREA_36
                0x0040ba5c                SchM_Enter_Gpt_GPT_EXCLUSIVE_AREA_38
                0x0040ba90                SchM_Exit_Gpt_GPT_EXCLUSIVE_AREA_38
                0x0040bac0                SchM_Enter_Gpt_GPT_EXCLUSIVE_AREA_39
                0x0040baf4                SchM_Exit_Gpt_GPT_EXCLUSIVE_AREA_39
                0x0040bb24                SchM_Enter_Gpt_GPT_EXCLUSIVE_AREA_40
                0x0040bb58                SchM_Exit_Gpt_GPT_EXCLUSIVE_AREA_40
                0x0040bb88                SchM_Enter_Gpt_GPT_EXCLUSIVE_AREA_41
                0x0040bbbc                SchM_Exit_Gpt_GPT_EXCLUSIVE_AREA_41
                0x0040bbec                SchM_Enter_Gpt_GPT_EXCLUSIVE_AREA_42
                0x0040bc20                SchM_Exit_Gpt_GPT_EXCLUSIVE_AREA_42
                0x0040bc50                SchM_Enter_Gpt_GPT_EXCLUSIVE_AREA_43
                0x0040bc84                SchM_Exit_Gpt_GPT_EXCLUSIVE_AREA_43
                0x0040bcb4                SchM_Enter_Gpt_GPT_EXCLUSIVE_AREA_44
                0x0040bce8                SchM_Exit_Gpt_GPT_EXCLUSIVE_AREA_44
                0x0040bd18                SchM_Enter_Gpt_GPT_EXCLUSIVE_AREA_45
                0x0040bd4c                SchM_Exit_Gpt_GPT_EXCLUSIVE_AREA_45
                0x0040bd7c                SchM_Enter_Gpt_GPT_EXCLUSIVE_AREA_46
                0x0040bdb0                SchM_Exit_Gpt_GPT_EXCLUSIVE_AREA_46
                0x0040bde0                SchM_Enter_Gpt_GPT_EXCLUSIVE_AREA_50
                0x0040be14                SchM_Exit_Gpt_GPT_EXCLUSIVE_AREA_50
                0x0040be44                SchM_Enter_Gpt_GPT_EXCLUSIVE_AREA_51
                0x0040be78                SchM_Exit_Gpt_GPT_EXCLUSIVE_AREA_51
                0x0040bea8                SchM_Enter_Gpt_GPT_EXCLUSIVE_AREA_52
                0x0040bedc                SchM_Exit_Gpt_GPT_EXCLUSIVE_AREA_52
                0x0040bf0c                SchM_Enter_Gpt_GPT_EXCLUSIVE_AREA_53
                0x0040bf40                SchM_Exit_Gpt_GPT_EXCLUSIVE_AREA_53
                0x0040bf70                SchM_Enter_Gpt_GPT_EXCLUSIVE_AREA_54
                0x0040bfa4                SchM_Exit_Gpt_GPT_EXCLUSIVE_AREA_54
                0x0040bfd4                SchM_Enter_Gpt_GPT_EXCLUSIVE_AREA_55
                0x0040c008                SchM_Exit_Gpt_GPT_EXCLUSIVE_AREA_55
                0x0040c038                SchM_Enter_Gpt_GPT_EXCLUSIVE_AREA_56
                0x0040c06c                SchM_Exit_Gpt_GPT_EXCLUSIVE_AREA_56
                0x0040c09c                SchM_Enter_Gpt_GPT_EXCLUSIVE_AREA_60
                0x0040c0d0                SchM_Exit_Gpt_GPT_EXCLUSIVE_AREA_60
                0x0040c100                SchM_Enter_Gpt_GPT_EXCLUSIVE_AREA_61
                0x0040c134                SchM_Exit_Gpt_GPT_EXCLUSIVE_AREA_61
                0x0040c164                SchM_Enter_Gpt_GPT_EXCLUSIVE_AREA_64
                0x0040c198                SchM_Exit_Gpt_GPT_EXCLUSIVE_AREA_64
                0x0040c1c8                SchM_Enter_Gpt_GPT_EXCLUSIVE_AREA_65
                0x0040c1fc                SchM_Exit_Gpt_GPT_EXCLUSIVE_AREA_65
                0x0040c22c                SchM_Enter_Gpt_GPT_EXCLUSIVE_AREA_66
                0x0040c260                SchM_Exit_Gpt_GPT_EXCLUSIVE_AREA_66
                0x0040c290                SchM_Enter_Gpt_GPT_EXCLUSIVE_AREA_67
                0x0040c2c4                SchM_Exit_Gpt_GPT_EXCLUSIVE_AREA_67
                0x0040c2f4                SchM_Enter_Gpt_GPT_EXCLUSIVE_AREA_68
                0x0040c328                SchM_Exit_Gpt_GPT_EXCLUSIVE_AREA_68
                0x0040c358                SchM_Enter_Gpt_GPT_EXCLUSIVE_AREA_69
                0x0040c38c                SchM_Exit_Gpt_GPT_EXCLUSIVE_AREA_69
                0x0040c3bc                SchM_Enter_Gpt_GPT_EXCLUSIVE_AREA_70
                0x0040c3f0                SchM_Exit_Gpt_GPT_EXCLUSIVE_AREA_70
                0x0040c420                SchM_Enter_Gpt_GPT_EXCLUSIVE_AREA_71
                0x0040c454                SchM_Exit_Gpt_GPT_EXCLUSIVE_AREA_71
                0x0040c484                SchM_Enter_Gpt_GPT_EXCLUSIVE_AREA_72
                0x0040c4b8                SchM_Exit_Gpt_GPT_EXCLUSIVE_AREA_72
                0x0040c4e8                SchM_Enter_Gpt_GPT_EXCLUSIVE_AREA_73
                0x0040c51c                SchM_Exit_Gpt_GPT_EXCLUSIVE_AREA_73
                0x0040c54c                SchM_Enter_Gpt_GPT_EXCLUSIVE_AREA_80
                0x0040c580                SchM_Exit_Gpt_GPT_EXCLUSIVE_AREA_80
                0x0040c5b0                SchM_Enter_Gpt_GPT_EXCLUSIVE_AREA_81
                0x0040c5e4                SchM_Exit_Gpt_GPT_EXCLUSIVE_AREA_81
                0x0040c614                SchM_Enter_Gpt_GPT_EXCLUSIVE_AREA_82
                0x0040c648                SchM_Exit_Gpt_GPT_EXCLUSIVE_AREA_82
                0x0040c678                SchM_Enter_Gpt_GPT_EXCLUSIVE_AREA_83
                0x0040c6ac                SchM_Exit_Gpt_GPT_EXCLUSIVE_AREA_83
                0x0040c6dc                SchM_Enter_Gpt_GPT_EXCLUSIVE_AREA_84
                0x0040c710                SchM_Exit_Gpt_GPT_EXCLUSIVE_AREA_84
                0x0040c740                SchM_Enter_Gpt_GPT_EXCLUSIVE_AREA_85
                0x0040c774                SchM_Exit_Gpt_GPT_EXCLUSIVE_AREA_85
                0x0040c7a4                SchM_Enter_Gpt_GPT_EXCLUSIVE_AREA_86
                0x0040c7d8                SchM_Exit_Gpt_GPT_EXCLUSIVE_AREA_86
                0x0040c808                SchM_Enter_Gpt_GPT_EXCLUSIVE_AREA_87
                0x0040c83c                SchM_Exit_Gpt_GPT_EXCLUSIVE_AREA_87
                0x0040c86c                SchM_Enter_Gpt_GPT_EXCLUSIVE_AREA_88
                0x0040c8a0                SchM_Exit_Gpt_GPT_EXCLUSIVE_AREA_88
                0x0040c8d0                SchM_Enter_Gpt_GPT_EXCLUSIVE_AREA_89
                0x0040c904                SchM_Exit_Gpt_GPT_EXCLUSIVE_AREA_89
                0x0040c934                SchM_Enter_Gpt_GPT_EXCLUSIVE_AREA_90
                0x0040c968                SchM_Exit_Gpt_GPT_EXCLUSIVE_AREA_90
                0x0040c998                SchM_Enter_Gpt_GPT_EXCLUSIVE_AREA_91
                0x0040c9cc                SchM_Exit_Gpt_GPT_EXCLUSIVE_AREA_91
 .mcal_text     0x0040c9fc        0x6 build/objects/Clock_Ip_FracDiv.o
 *fill*         0x0040ca02        0x2 
 .mcal_text     0x0040ca04       0x98 build/objects/Clock_Ip_DividerTrigger.o
 .mcal_text     0x0040ca9c      0x104 build/objects/Clock_Ip_IntOsc.o
 .mcal_text     0x0040cba0      0x208 build/objects/Crc_Ip_Lookup_Tables.o
                0x0040ccc4                Crc_Ip_LookupTablesCalculate
 .mcal_text     0x0040cda8     0x12c0 build/objects/SchM_Mcl.o
                0x0040cda8                SchM_Enter_Mcl_MCL_EXCLUSIVE_AREA_00
                0x0040cddc                SchM_Exit_Mcl_MCL_EXCLUSIVE_AREA_00
                0x0040ce0c                SchM_Enter_Mcl_MCL_EXCLUSIVE_AREA_01
                0x0040ce40                SchM_Exit_Mcl_MCL_EXCLUSIVE_AREA_01
                0x0040ce70                SchM_Enter_Mcl_MCL_EXCLUSIVE_AREA_02
                0x0040cea4                SchM_Exit_Mcl_MCL_EXCLUSIVE_AREA_02
                0x0040ced4                SchM_Enter_Mcl_MCL_EXCLUSIVE_AREA_03
                0x0040cf08                SchM_Exit_Mcl_MCL_EXCLUSIVE_AREA_03
                0x0040cf38                SchM_Enter_Mcl_MCL_EXCLUSIVE_AREA_04
                0x0040cf6c                SchM_Exit_Mcl_MCL_EXCLUSIVE_AREA_04
                0x0040cf9c                SchM_Enter_Mcl_MCL_EXCLUSIVE_AREA_05
                0x0040cfd0                SchM_Exit_Mcl_MCL_EXCLUSIVE_AREA_05
                0x0040d000                SchM_Enter_Mcl_MCL_EXCLUSIVE_AREA_06
                0x0040d034                SchM_Exit_Mcl_MCL_EXCLUSIVE_AREA_06
                0x0040d064                SchM_Enter_Mcl_MCL_EXCLUSIVE_AREA_07
                0x0040d098                SchM_Exit_Mcl_MCL_EXCLUSIVE_AREA_07
                0x0040d0c8                SchM_Enter_Mcl_MCL_EXCLUSIVE_AREA_08
                0x0040d0fc                SchM_Exit_Mcl_MCL_EXCLUSIVE_AREA_08
                0x0040d12c                SchM_Enter_Mcl_MCL_EXCLUSIVE_AREA_09
                0x0040d160                SchM_Exit_Mcl_MCL_EXCLUSIVE_AREA_09
                0x0040d190                SchM_Enter_Mcl_MCL_EXCLUSIVE_AREA_10
                0x0040d1c4                SchM_Exit_Mcl_MCL_EXCLUSIVE_AREA_10
                0x0040d1f4                SchM_Enter_Mcl_MCL_EXCLUSIVE_AREA_11
                0x0040d228                SchM_Exit_Mcl_MCL_EXCLUSIVE_AREA_11
                0x0040d258                SchM_Enter_Mcl_MCL_EXCLUSIVE_AREA_12
                0x0040d28c                SchM_Exit_Mcl_MCL_EXCLUSIVE_AREA_12
                0x0040d2bc                SchM_Enter_Mcl_MCL_EXCLUSIVE_AREA_13
                0x0040d2f0                SchM_Exit_Mcl_MCL_EXCLUSIVE_AREA_13
                0x0040d320                SchM_Enter_Mcl_MCL_EXCLUSIVE_AREA_14
                0x0040d354                SchM_Exit_Mcl_MCL_EXCLUSIVE_AREA_14
                0x0040d384                SchM_Enter_Mcl_MCL_EXCLUSIVE_AREA_15
                0x0040d3b8                SchM_Exit_Mcl_MCL_EXCLUSIVE_AREA_15
                0x0040d3e8                SchM_Enter_Mcl_MCL_EXCLUSIVE_AREA_16
                0x0040d41c                SchM_Exit_Mcl_MCL_EXCLUSIVE_AREA_16
                0x0040d44c                SchM_Enter_Mcl_MCL_EXCLUSIVE_AREA_17
                0x0040d480                SchM_Exit_Mcl_MCL_EXCLUSIVE_AREA_17
                0x0040d4b0                SchM_Enter_Mcl_MCL_EXCLUSIVE_AREA_18
                0x0040d4e4                SchM_Exit_Mcl_MCL_EXCLUSIVE_AREA_18
                0x0040d514                SchM_Enter_Mcl_MCL_EXCLUSIVE_AREA_19
                0x0040d548                SchM_Exit_Mcl_MCL_EXCLUSIVE_AREA_19
                0x0040d578                SchM_Enter_Mcl_MCL_EXCLUSIVE_AREA_20
                0x0040d5ac                SchM_Exit_Mcl_MCL_EXCLUSIVE_AREA_20
                0x0040d5dc                SchM_Enter_Mcl_MCL_EXCLUSIVE_AREA_21
                0x0040d610                SchM_Exit_Mcl_MCL_EXCLUSIVE_AREA_21
                0x0040d640                SchM_Enter_Mcl_MCL_EXCLUSIVE_AREA_22
                0x0040d674                SchM_Exit_Mcl_MCL_EXCLUSIVE_AREA_22
                0x0040d6a4                SchM_Enter_Mcl_MCL_EXCLUSIVE_AREA_23
                0x0040d6d8                SchM_Exit_Mcl_MCL_EXCLUSIVE_AREA_23
                0x0040d708                SchM_Enter_Mcl_MCL_EXCLUSIVE_AREA_24
                0x0040d73c                SchM_Exit_Mcl_MCL_EXCLUSIVE_AREA_24
                0x0040d76c                SchM_Enter_Mcl_MCL_EXCLUSIVE_AREA_25
                0x0040d7a0                SchM_Exit_Mcl_MCL_EXCLUSIVE_AREA_25
                0x0040d7d0                SchM_Enter_Mcl_MCL_EXCLUSIVE_AREA_26
                0x0040d804                SchM_Exit_Mcl_MCL_EXCLUSIVE_AREA_26
                0x0040d834                SchM_Enter_Mcl_MCL_EXCLUSIVE_AREA_27
                0x0040d868                SchM_Exit_Mcl_MCL_EXCLUSIVE_AREA_27
                0x0040d898                SchM_Enter_Mcl_MCL_EXCLUSIVE_AREA_28
                0x0040d8cc                SchM_Exit_Mcl_MCL_EXCLUSIVE_AREA_28
                0x0040d8fc                SchM_Enter_Mcl_MCL_EXCLUSIVE_AREA_29
                0x0040d930                SchM_Exit_Mcl_MCL_EXCLUSIVE_AREA_29
                0x0040d960                SchM_Enter_Mcl_MCL_EXCLUSIVE_AREA_30
                0x0040d994                SchM_Exit_Mcl_MCL_EXCLUSIVE_AREA_30
                0x0040d9c4                SchM_Enter_Mcl_MCL_EXCLUSIVE_AREA_31
                0x0040d9f8                SchM_Exit_Mcl_MCL_EXCLUSIVE_AREA_31
                0x0040da28                SchM_Enter_Mcl_MCL_EXCLUSIVE_AREA_32
                0x0040da5c                SchM_Exit_Mcl_MCL_EXCLUSIVE_AREA_32
                0x0040da8c                SchM_Enter_Mcl_MCL_EXCLUSIVE_AREA_33
                0x0040dac0                SchM_Exit_Mcl_MCL_EXCLUSIVE_AREA_33
                0x0040daf0                SchM_Enter_Mcl_MCL_EXCLUSIVE_AREA_34
                0x0040db24                SchM_Exit_Mcl_MCL_EXCLUSIVE_AREA_34
                0x0040db54                SchM_Enter_Mcl_MCL_EXCLUSIVE_AREA_35
                0x0040db88                SchM_Exit_Mcl_MCL_EXCLUSIVE_AREA_35
                0x0040dbb8                SchM_Enter_Mcl_MCL_EXCLUSIVE_AREA_36
                0x0040dbec                SchM_Exit_Mcl_MCL_EXCLUSIVE_AREA_36
                0x0040dc1c                SchM_Enter_Mcl_MCL_EXCLUSIVE_AREA_37
                0x0040dc50                SchM_Exit_Mcl_MCL_EXCLUSIVE_AREA_37
                0x0040dc80                SchM_Enter_Mcl_MCL_EXCLUSIVE_AREA_38
                0x0040dcb4                SchM_Exit_Mcl_MCL_EXCLUSIVE_AREA_38
                0x0040dce4                SchM_Enter_Mcl_MCL_EXCLUSIVE_AREA_39
                0x0040dd18                SchM_Exit_Mcl_MCL_EXCLUSIVE_AREA_39
                0x0040dd48                SchM_Enter_Mcl_MCL_EXCLUSIVE_AREA_40
                0x0040dd7c                SchM_Exit_Mcl_MCL_EXCLUSIVE_AREA_40
                0x0040ddac                SchM_Enter_Mcl_MCL_EXCLUSIVE_AREA_41
                0x0040dde0                SchM_Exit_Mcl_MCL_EXCLUSIVE_AREA_41
                0x0040de10                SchM_Enter_Mcl_MCL_EXCLUSIVE_AREA_42
                0x0040de44                SchM_Exit_Mcl_MCL_EXCLUSIVE_AREA_42
                0x0040de74                SchM_Enter_Mcl_MCL_EXCLUSIVE_AREA_43
                0x0040dea8                SchM_Exit_Mcl_MCL_EXCLUSIVE_AREA_43
                0x0040ded8                SchM_Enter_Mcl_MCL_EXCLUSIVE_AREA_44
                0x0040df0c                SchM_Exit_Mcl_MCL_EXCLUSIVE_AREA_44
                0x0040df3c                SchM_Enter_Mcl_MCL_EXCLUSIVE_AREA_45
                0x0040df70                SchM_Exit_Mcl_MCL_EXCLUSIVE_AREA_45
                0x0040dfa0                SchM_Enter_Mcl_MCL_EXCLUSIVE_AREA_46
                0x0040dfd4                SchM_Exit_Mcl_MCL_EXCLUSIVE_AREA_46
                0x0040e004                SchM_Enter_Mcl_MCL_EXCLUSIVE_AREA_47
                0x0040e038                SchM_Exit_Mcl_MCL_EXCLUSIVE_AREA_47
 .mcal_text     0x0040e068      0x3dc build/objects/Clock_Ip_Selector.o
                0x0040e418                Clock_Ip_SetRtcRtccClksel_TrustedCall
 .mcal_text     0x0040e444       0xc8 build/objects/SchM_Dio.o
                0x0040e444                SchM_Enter_Dio_DIO_EXCLUSIVE_AREA_00
                0x0040e478                SchM_Exit_Dio_DIO_EXCLUSIVE_AREA_00
                0x0040e4a8                SchM_Enter_Dio_DIO_EXCLUSIVE_AREA_01
                0x0040e4dc                SchM_Exit_Dio_DIO_EXCLUSIVE_AREA_01
 .mcal_text     0x0040e50c      0x1c8 build/objects/Siul2_Dio_Ip.o
                0x0040e542                Siul2_Dio_Ip_WritePin
                0x0040e596                Siul2_Dio_Ip_SetGPDO
                0x0040e5b0                Siul2_Dio_Ip_ClearGPDO
                0x0040e5cc                Siul2_Dio_Ip_WritePins
                0x0040e5e4                Siul2_Dio_Ip_GetPinsOutput
                0x0040e5fc                Siul2_Dio_Ip_SetPins
                0x0040e61a                Siul2_Dio_Ip_ClearPins
                0x0040e63a                Siul2_Dio_Ip_TogglePins
                0x0040e658                Siul2_Dio_Ip_ReadPins
                0x0040e672                Siul2_Dio_Ip_ReadPin
                0x0040e6a4                Siul2_Dio_Ip_MaskedWritePins
 .mcal_text     0x0040e6d4      0x200 build/objects/Clock_Ip_Monitor.o
                0x0040e890                Clock_Ip_CMU_ClockFailInt
 .mcal_text     0x0040e8d4     0x2110 build/objects/FlexCAN_Ip.o
                0x0040f094                FlexCAN_Ip_Init_Privileged
                0x0040f270                FlexCAN_Ip_Send
                0x0040f2e8                FlexCAN_Ip_ConfigRxMb
                0x0040f37c                FlexCAN_Ip_Receive
                0x0040f3cc                FlexCAN_Ip_ReceiveBlocking
                0x0040f4b8                FlexCAN_Ip_RxFifo
                0x0040f500                FlexCAN_Ip_RxFifoBlocking
                0x0040f5ec                FlexCAN_Ip_ConfigRxFifo_Privileged
                0x0040f658                FlexCAN_Ip_ConfigEnhancedRxFifo_Privileged
                0x0040f6c8                FlexCAN_Ip_ConfigRemoteResponseMb
                0x0040f78c                FlexCAN_Ip_GetTransferStatus
                0x0040f7d8                FlexCAN_IRQHandler
                0x0040f998                FlexCAN_Ip_ClearErrorStatus
                0x0040f9b4                FlexCAN_Ip_GetErrorStatus
                0x0040f9d0                FlexCAN_Ip_GetControllerTxErrorCounter
                0x0040f9f0                FlexCAN_Ip_GetControllerRxErrorCounter
                0x0040fa10                FlexCAN_Busoff_Error_IRQHandler
                0x0040fae8                FlexCAN_Ip_SendBlocking
                0x0040fbe0                FlexCAN_Ip_SetRxMbGlobalMask_Privileged
                0x0040fc34                FlexCAN_Ip_EnterFreezeMode_Privileged
                0x0040fc44                FlexCAN_Ip_ExitFreezeMode_Privileged
                0x0040fc54                FlexCAN_Ip_SetRxIndividualMask_Privileged
                0x0040fccc                FlexCAN_Ip_SetRxFifoGlobalMask_Privileged
                0x0040fd24                FlexCAN_Ip_Deinit_Privileged
                0x0040fe14                FlexCAN_Ip_MainFunctionRead
                0x0040feb8                FlexCAN_Ip_MainFunctionBusOff_Privileged
                0x0040fefc                FlexCAN_Ip_MainFunctionWrite
                0x0040ffac                FlexCAN_Ip_GetStopMode_Privileged
                0x0040ffc0                FlexCAN_Ip_GetStartMode_Privileged
                0x0040ffd8                FlexCAN_Ip_SetStartMode_Privileged
                0x0041000c                FlexCAN_Ip_SetStopMode_Privileged
                0x0041003c                FlexCAN_Ip_SetRxMaskType_Privileged
                0x004100a8                FlexCAN_Ip_SetBitrate_Privileged
                0x0041014c                FlexCAN_Ip_GetBitrate
                0x00410200                FlexCAN_Ip_ClearTDCFail
                0x00410248                FlexCAN_Ip_GetTDCFail
                0x0041027c                FlexCAN_Ip_GetTDCValue
                0x004102b0                FlexCAN_Ip_SetBitrateCbt_Privileged
                0x00410378                FlexCAN_Ip_GetBitrateFD
                0x00410414                FlexCAN_Ip_SetTDCOffset_Privileged
                0x004104c0                FlexCAN_Ip_SetTxArbitrationStartDelay_Privileged
                0x0041052c                FlexCAN_Ip_GetBuffStatusFlag
                0x00410560                FlexCAN_Ip_ClearBuffStatusFlag
                0x00410590                FlexCAN_Ip_EnableInterrupts_Privileged
                0x004105f0                FlexCAN_Ip_DisableInterrupts_Privileged
                0x00410644                FlexCAN_Ip_SetErrorInt_Privileged
                0x004106dc                FlexCAN_Ip_AbortTransfer
                0x00410838                FlexCAN_Ip_SetRxMb14Mask_Privileged
                0x00410890                FlexCAN_Ip_SetRxMb15Mask_Privileged
                0x004108e8                FlexCAN_Ip_SetListenOnlyMode_Privileged
                0x00410958                FlexCAN_Ip_GetListenOnlyMode
                0x0041096c                FlexCAN_Ip_ManualBusOffRecovery
 .mcal_text     0x004109e4       0x4a build/objects/Osif_Software_Semaphore.o
                0x004109e4                Osif_Software_Semaphore_Lock
                0x00410a08                Osif_Software_Semaphore_Unlock
 *fill*         0x00410a2e        0x2 
 .mcal_text     0x00410a30      0x120 build/objects/Tspc_Port_Ip.o
                0x00410a30                Tspc_Port_Ip_EnableObeGroup
                0x00410a60                Tspc_Port_Ip_DisableObeGroup
                0x00410a90                Tspc_Port_Ip_MaskObeGroup
                0x00410aae                Tspc_Port_Ip_ConfigureObeGroup
 .mcal_text     0x00410b50      0x1dc build/objects/Clock_Ip_Divider.o
 .mcal_text     0x00410d2c       0x90 build/objects/FlexCAN_Ip_Irq.o
                0x00410d2c                CAN0_ORED_IRQHandler
                0x00410d32                CAN0_ORED_0_31_MB_IRQHandler
                0x00410d3e                CAN0_ORED_32_63_MB_IRQHandler
                0x00410d4a                CAN1_ORED_IRQHandler
                0x00410d50                CAN1_ORED_0_31_MB_IRQHandler
                0x00410d5c                CAN1_ORED_32_63_MB_IRQHandler
                0x00410d68                CAN2_ORED_IRQHandler
                0x00410d6e                CAN2_ORED_0_31_MB_IRQHandler
                0x00410d7a                CAN2_ORED_32_63_MB_IRQHandler
                0x00410d86                CAN3_ORED_IRQHandler
                0x00410d8c                CAN3_ORED_0_31_MB_IRQHandler
                0x00410d98                CAN4_ORED_IRQHandler
                0x00410d9e                CAN4_ORED_0_31_MB_IRQHandler
                0x00410daa                CAN5_ORED_IRQHandler
                0x00410db0                CAN5_ORED_0_31_MB_IRQHandler
 .mcal_text     0x00410dbc      0x458 build/objects/Siul2_Port_Ip.o
                0x00410f10                Siul2_Port_Ip_Init
                0x00410f40                Siul2_Port_Ip_SetPullSel
                0x00410f9c                Siul2_Port_Ip_SetOutputBuffer
                0x00411002                Siul2_Port_Ip_SetInputBuffer
                0x00411072                Siul2_Port_Ip_SetPinDirection
                0x004110ea                Siul2_Port_Ip_RevertPinConfiguration
                0x0041114c                Siul2_Port_Ip_GetPinConfiguration
 .mcal_text     0x00411214      0x130 build/objects/Clock_Ip_ProgFreqSwitch.o
 .mcal_text     0x00411344      0x188 build/objects/Clock_Ip_Pll.o
 .mcal_text     0x004114cc      0x920 build/objects/Dma_Ip_Hw_Access.o
                0x00411a2c                HwAccDmaInst_SetConfig
                0x00411a88                HwAccDmaInst_SetCommand
                0x00411a9c                HwAccDmaInst_GetStatus
                0x00411ac8                HwAccDmaCh_SetCommand
                0x00411ae8                HwAccDmaCh_GetStatus
                0x00411b0c                HwAccDmaCh_GetStatus_Error
                0x00411b2c                HwAccDmaCh_SetGlobalParam
                0x00411b4c                HwAccDmaCh_SetTransferParam
                0x00411b6c                HwAccDmaCh_GetParam
                0x00411b8c                HwAccDmaCh_LoadConfigIntoSoftwareTcd
                0x00411d7c                HwAccDmaCh_LoadSoftwareTcdIntoHardwareTcd
                0x00411dcc                HwAccDmaCh_SetControl_ScatterGatherAddress
                0x00411dd4                HwAccDmaCh_SetControl_EnScatterGatherProcessing
 .mcal_text     0x00411dec      0x9f0 build/objects/Dma_Ip.o
                0x004120a0                Dma_Ip_ConvertLogicChToHwCh
                0x004120b4                Dma_Ip_SetLogicInstanceCommand
                0x004120e0                Dma_Ip_GetLogicInstanceStatus
                0x004120f8                Dma_Ip_LogicChannelInit
                0x004122bc                Dma_Ip_Init
                0x00412314                Dma_Ip_LogicChannelDeinit
                0x00412384                Dma_Ip_Deinit
                0x004123ac                Dma_Ip_SetLogicChannelCommand
                0x00412438                Dma_Ip_GetLogicChannelStatus
                0x0041249c                Dma_Ip_SetLogicChannelGlobalList
                0x00412530                Dma_Ip_SetLogicChannelTransferList
                0x00412620                Dma_Ip_SetLogicChannelScatterGatherList
                0x004126d0                Dma_Ip_GetLogicChannelParam
                0x004126f8                Dma_Ip_SetLogicChannelScatterGatherConfig
                0x00412784                Dma_Ip_IntIrqHandler
                0x0041279a                Dma_Ip_ErrorIrqHandler
 .mcal_text     0x004127dc      0x8fc build/objects/SchM_Mem_43_INFLS.o
                0x004127dc                SchM_Enter_Mem_43_INFLS_MEM_EXCLUSIVE_AREA_01
                0x00412810                SchM_Exit_Mem_43_INFLS_MEM_EXCLUSIVE_AREA_01
                0x00412840                SchM_Enter_Mem_43_INFLS_MEM_EXCLUSIVE_AREA_02
                0x00412874                SchM_Exit_Mem_43_INFLS_MEM_EXCLUSIVE_AREA_02
                0x004128a4                SchM_Enter_Mem_43_INFLS_MEM_EXCLUSIVE_AREA_03
                0x004128d8                SchM_Exit_Mem_43_INFLS_MEM_EXCLUSIVE_AREA_03
                0x00412908                SchM_Enter_Mem_43_INFLS_MEM_EXCLUSIVE_AREA_04
                0x0041293c                SchM_Exit_Mem_43_INFLS_MEM_EXCLUSIVE_AREA_04
                0x0041296c                SchM_Enter_Mem_43_INFLS_MEM_EXCLUSIVE_AREA_05
                0x004129a0                SchM_Exit_Mem_43_INFLS_MEM_EXCLUSIVE_AREA_05
                0x004129d0                SchM_Enter_Mem_43_INFLS_MEM_EXCLUSIVE_AREA_06
                0x00412a04                SchM_Exit_Mem_43_INFLS_MEM_EXCLUSIVE_AREA_06
                0x00412a34                SchM_Enter_Mem_43_INFLS_MEM_EXCLUSIVE_AREA_07
                0x00412a68                SchM_Exit_Mem_43_INFLS_MEM_EXCLUSIVE_AREA_07
                0x00412a98                SchM_Enter_Mem_43_INFLS_MEM_EXCLUSIVE_AREA_08
                0x00412acc                SchM_Exit_Mem_43_INFLS_MEM_EXCLUSIVE_AREA_08
                0x00412afc                SchM_Enter_Mem_43_INFLS_MEM_EXCLUSIVE_AREA_09
                0x00412b30                SchM_Exit_Mem_43_INFLS_MEM_EXCLUSIVE_AREA_09
                0x00412b60                SchM_Enter_Mem_43_INFLS_MEM_EXCLUSIVE_AREA_10
                0x00412b94                SchM_Exit_Mem_43_INFLS_MEM_EXCLUSIVE_AREA_10
                0x00412bc4                SchM_Enter_Mem_43_INFLS_MEM_EXCLUSIVE_AREA_11
                0x00412bf8                SchM_Exit_Mem_43_INFLS_MEM_EXCLUSIVE_AREA_11
                0x00412c28                SchM_Enter_Mem_43_INFLS_MEM_EXCLUSIVE_AREA_12
                0x00412c5c                SchM_Exit_Mem_43_INFLS_MEM_EXCLUSIVE_AREA_12
                0x00412c8c                SchM_Enter_Mem_43_INFLS_MEM_EXCLUSIVE_AREA_13
                0x00412cc0                SchM_Exit_Mem_43_INFLS_MEM_EXCLUSIVE_AREA_13
                0x00412cf0                SchM_Enter_Mem_43_INFLS_MEM_EXCLUSIVE_AREA_14
                0x00412d24                SchM_Exit_Mem_43_INFLS_MEM_EXCLUSIVE_AREA_14
                0x00412d54                SchM_Enter_Mem_43_INFLS_MEM_EXCLUSIVE_AREA_15
                0x00412d88                SchM_Exit_Mem_43_INFLS_MEM_EXCLUSIVE_AREA_15
                0x00412db8                SchM_Enter_Mem_43_INFLS_MEM_EXCLUSIVE_AREA_16
                0x00412dec                SchM_Exit_Mem_43_INFLS_MEM_EXCLUSIVE_AREA_16
                0x00412e1c                SchM_Enter_Mem_43_INFLS_MEM_EXCLUSIVE_AREA_17
                0x00412e50                SchM_Exit_Mem_43_INFLS_MEM_EXCLUSIVE_AREA_17
                0x00412e80                SchM_Enter_Mem_43_INFLS_MEM_EXCLUSIVE_AREA_18
                0x00412eb4                SchM_Exit_Mem_43_INFLS_MEM_EXCLUSIVE_AREA_18
                0x00412ee4                SchM_Enter_Mem_43_INFLS_MEM_EXCLUSIVE_AREA_19
                0x00412f18                SchM_Exit_Mem_43_INFLS_MEM_EXCLUSIVE_AREA_19
                0x00412f48                SchM_Enter_Mem_43_INFLS_MEM_EXCLUSIVE_AREA_20
                0x00412f7c                SchM_Exit_Mem_43_INFLS_MEM_EXCLUSIVE_AREA_20
                0x00412fac                SchM_Enter_Mem_43_INFLS_MEM_EXCLUSIVE_AREA_21
                0x00412fe0                SchM_Exit_Mem_43_INFLS_MEM_EXCLUSIVE_AREA_21
                0x00413010                SchM_Enter_Mem_43_INFLS_MEM_EXCLUSIVE_AREA_22
                0x00413044                SchM_Exit_Mem_43_INFLS_MEM_EXCLUSIVE_AREA_22
                0x00413074                SchM_Enter_Mem_43_INFLS_MEM_EXCLUSIVE_AREA_23
                0x004130a8                SchM_Exit_Mem_43_INFLS_MEM_EXCLUSIVE_AREA_23
 .mcal_text     0x004130d8       0xd4 build/objects/Dma_Ip_Irq.o
                0x0041312c                Dma0_Ch0_IRQHandler
                0x00413130                Dma0_Ch1_IRQHandler
                0x00413134                Dma0_Ch2_IRQHandler
                0x00413138                Dma0_Ch3_IRQHandler
                0x0041313c                Dma0_Ch4_IRQHandler
                0x00413140                Dma0_Ch5_IRQHandler
                0x00413144                Dma0_Ch6_IRQHandler
                0x00413148                Dma0_Ch7_IRQHandler
                0x0041314c                Dma0_Ch8_IRQHandler
                0x00413150                Dma0_Ch9_IRQHandler
                0x00413154                Dma0_Ch10_IRQHandler
                0x00413158                Dma0_Ch11_IRQHandler
                0x0041315c                Dma0_Ch12_IRQHandler
                0x00413160                Dma0_Ch13_IRQHandler
                0x00413164                Dma0_Ch14_IRQHandler
                0x00413168                Dma0_Ch15_IRQHandler
                0x0041316c                Dma0_Ch16_IRQHandler
                0x00413170                Dma0_Ch17_IRQHandler
                0x00413174                Dma0_Ch18_IRQHandler
                0x00413178                Dma0_Ch19_IRQHandler
                0x0041317c                Dma0_Ch20_IRQHandler
                0x00413180                Dma0_Ch21_IRQHandler
                0x00413184                Dma0_Ch22_IRQHandler
                0x00413188                Dma0_Ch23_IRQHandler
                0x0041318c                Dma0_Ch24_IRQHandler
                0x00413190                Dma0_Ch25_IRQHandler
                0x00413194                Dma0_Ch26_IRQHandler
                0x00413198                Dma0_Ch27_IRQHandler
                0x0041319c                Dma0_Ch28_IRQHandler
                0x004131a0                Dma0_Ch29_IRQHandler
                0x004131a4                Dma0_Ch30_IRQHandler
                0x004131a8                Dma0_Ch31_IRQHandler
 .mcal_text     0x004131ac      0x8fc build/objects/SchM_Can_43_FLEXCAN.o
                0x004131ac                SchM_Enter_Can_43_FLEXCAN_CAN_EXCLUSIVE_AREA_00
                0x004131e0                SchM_Exit_Can_43_FLEXCAN_CAN_EXCLUSIVE_AREA_00
                0x00413210                SchM_Enter_Can_43_FLEXCAN_CAN_EXCLUSIVE_AREA_01
                0x00413244                SchM_Exit_Can_43_FLEXCAN_CAN_EXCLUSIVE_AREA_01
                0x00413274                SchM_Enter_Can_43_FLEXCAN_CAN_EXCLUSIVE_AREA_02
                0x004132a8                SchM_Exit_Can_43_FLEXCAN_CAN_EXCLUSIVE_AREA_02
                0x004132d8                SchM_Enter_Can_43_FLEXCAN_CAN_EXCLUSIVE_AREA_03
                0x0041330c                SchM_Exit_Can_43_FLEXCAN_CAN_EXCLUSIVE_AREA_03
                0x0041333c                SchM_Enter_Can_43_FLEXCAN_CAN_EXCLUSIVE_AREA_04
                0x00413370                SchM_Exit_Can_43_FLEXCAN_CAN_EXCLUSIVE_AREA_04
                0x004133a0                SchM_Enter_Can_43_FLEXCAN_CAN_EXCLUSIVE_AREA_05
                0x004133d4                SchM_Exit_Can_43_FLEXCAN_CAN_EXCLUSIVE_AREA_05
                0x00413404                SchM_Enter_Can_43_FLEXCAN_CAN_EXCLUSIVE_AREA_06
                0x00413438                SchM_Exit_Can_43_FLEXCAN_CAN_EXCLUSIVE_AREA_06
                0x00413468                SchM_Enter_Can_43_FLEXCAN_CAN_EXCLUSIVE_AREA_07
                0x0041349c                SchM_Exit_Can_43_FLEXCAN_CAN_EXCLUSIVE_AREA_07
                0x004134cc                SchM_Enter_Can_43_FLEXCAN_CAN_EXCLUSIVE_AREA_08
                0x00413500                SchM_Exit_Can_43_FLEXCAN_CAN_EXCLUSIVE_AREA_08
                0x00413530                SchM_Enter_Can_43_FLEXCAN_CAN_EXCLUSIVE_AREA_09
                0x00413564                SchM_Exit_Can_43_FLEXCAN_CAN_EXCLUSIVE_AREA_09
                0x00413594                SchM_Enter_Can_43_FLEXCAN_CAN_EXCLUSIVE_AREA_10
                0x004135c8                SchM_Exit_Can_43_FLEXCAN_CAN_EXCLUSIVE_AREA_10
                0x004135f8                SchM_Enter_Can_43_FLEXCAN_CAN_EXCLUSIVE_AREA_11
                0x0041362c                SchM_Exit_Can_43_FLEXCAN_CAN_EXCLUSIVE_AREA_11
                0x0041365c                SchM_Enter_Can_43_FLEXCAN_CAN_EXCLUSIVE_AREA_12
                0x00413690                SchM_Exit_Can_43_FLEXCAN_CAN_EXCLUSIVE_AREA_12
                0x004136c0                SchM_Enter_Can_43_FLEXCAN_CAN_EXCLUSIVE_AREA_13
                0x004136f4                SchM_Exit_Can_43_FLEXCAN_CAN_EXCLUSIVE_AREA_13
                0x00413724                SchM_Enter_Can_43_FLEXCAN_CAN_EXCLUSIVE_AREA_14
                0x00413758                SchM_Exit_Can_43_FLEXCAN_CAN_EXCLUSIVE_AREA_14
                0x00413788                SchM_Enter_Can_43_FLEXCAN_CAN_EXCLUSIVE_AREA_15
                0x004137bc                SchM_Exit_Can_43_FLEXCAN_CAN_EXCLUSIVE_AREA_15
                0x004137ec                SchM_Enter_Can_43_FLEXCAN_CAN_EXCLUSIVE_AREA_16
                0x00413820                SchM_Exit_Can_43_FLEXCAN_CAN_EXCLUSIVE_AREA_16
                0x00413850                SchM_Enter_Can_43_FLEXCAN_CAN_EXCLUSIVE_AREA_17
                0x00413884                SchM_Exit_Can_43_FLEXCAN_CAN_EXCLUSIVE_AREA_17
                0x004138b4                SchM_Enter_Can_43_FLEXCAN_CAN_EXCLUSIVE_AREA_18
                0x004138e8                SchM_Exit_Can_43_FLEXCAN_CAN_EXCLUSIVE_AREA_18
                0x00413918                SchM_Enter_Can_43_FLEXCAN_CAN_EXCLUSIVE_AREA_19
                0x0041394c                SchM_Exit_Can_43_FLEXCAN_CAN_EXCLUSIVE_AREA_19
                0x0041397c                SchM_Enter_Can_43_FLEXCAN_CAN_EXCLUSIVE_AREA_20
                0x004139b0                SchM_Exit_Can_43_FLEXCAN_CAN_EXCLUSIVE_AREA_20
                0x004139e0                SchM_Enter_Can_43_FLEXCAN_CAN_EXCLUSIVE_AREA_21
                0x00413a14                SchM_Exit_Can_43_FLEXCAN_CAN_EXCLUSIVE_AREA_21
                0x00413a44                SchM_Enter_Can_43_FLEXCAN_CAN_EXCLUSIVE_AREA_22
                0x00413a78                SchM_Exit_Can_43_FLEXCAN_CAN_EXCLUSIVE_AREA_22
 .mcal_text     0x00413aa8       0xe8 build/objects/startup.o
                0x00413aa8                init_data_bss
                0x00413b34                init_data_bss_core2
 .mcal_text     0x00413b90       0x52 build/objects/nvic.o
                0x00413b90                NVIC_SetPriorityGrouping
                0x00413ba4                NVIC_EnableIRQ
                0x00413bbc                NVIC_DisableIRQ
                0x00413bd4                NVIC_SetPriority
 .mcal_text     0x00413be2       0x14 build/objects/exceptions.o
                0x00413be2                NMI_Handler
                0x00413be4                HardFault_Handler
                0x00413be6                MemManage_Handler
                0x00413be8                BusFault_Handler
                0x00413bea                UsageFault_Handler
                0x00413bec                SVC_Handler
                0x00413bee                DebugMon_Handler
                0x00413bf0                PendSV_Handler
                0x00413bf2                SysTick_Handler
                0x00413bf4                undefined_handler
 *fill*         0x00413bf6        0x2 
 .mcal_text     0x00413bf8      0x304 build/objects/system.o
                0x00413bf8                startup_go_to_user_mode
                0x00413bfa                default_interrupt_routine
                0x00413bfc                SystemInit
                0x00413ee0                Enable_FPU
                0x00413efc                . = ALIGN (0x4)
 *(.acmcu_code_rom)
                0x00413efc                . = ALIGN (0x4)
                0x00413efc                __acfls_code_rom_start = .
 *(.acfls_code_rom)
 .acfls_code_rom
                0x00413efc       0x40 build/objects/Clock_Ip_Specific.o
                0x00413efc                Clock_Ip_PRAMCSetRamIWS
                0x00413f3c                . = ALIGN (0x4)
                0x00413f3c                __acfls_code_rom_end = .
                0x00413f3c                __acmem_43_infls_code_rom_start = .
 *(.acmem_43_infls_code_rom)
 .acmem_43_infls_code_rom
                0x00413f3c       0x34 build/objects/C40_Ip_Ac.o
                0x00413f3c                C40_Ip_AccessCode
 .acmem_43_infls_code_rom.__stub
                0x00413f70        0x8 linker stubs
                0x00413f78                . = ALIGN (0x4)
                0x00413f78                __acmem_43_infls_code_rom_end = .
 *(.init)
                0x00413f78                . = ALIGN (0x4)
 *(.fini)
                0x00413f78                . = ALIGN (0x4)
 *(.rodata)
 .rodata        0x00413f78       0x10 build/objects/main.o
                0x00413f78                RXCANMsgConfig
 .rodata        0x00413f88      0x231 build/objects/test_crc.o
 .rodata        0x004141b9       0x29 build/objects/hse_cmac_demo.o
 *fill*         0x004141e2        0x2 
 .rodata        0x004141e4    0x21064 build/objects/hse_fw_image.o
                0x004141e4                g_hse_fw_image
                0x00435244                g_hse_fw_image_len
 .rodata        0x00435248      0x100 build/objects/Crc_Ip_Software.o
 .rodata        0x00435348       0x48 build/objects/FlexCAN_Ip_HwAccess.o
 .rodata        0x00435390       0x30 build/objects/Lpuart_Uart_Ip.o
 .rodata        0x004353c0       0x64 build/objects/Dma_Ip_Driver_State.o
 *fill*         0x00435424        0x4 
 .rodata        0x00435428      0x270 build/objects/Crc_Ip.o
 .rodata        0x00435698        0x3 build/objects/Clock_Ip_IntOsc.o
 .rodata        0x0043569b      0x100 build/objects/Crc_Ip_Lookup_Tables.o
 *fill*         0x0043579b        0x1 